<?xml version="1.0" encoding="utf-8"?><testsuites name="pytest tests"><testsuite name="pytest" errors="0" failures="0" skipped="10" tests="1251" time="52.003" timestamp="2026-04-18T13:58:39.958195-05:00" hostname="IME-L0160"><testcase classname="tests.e2e.test_cli_smoke" name="test_cli_generate_help_clarifies_recipe_names" time="0.046" /><testcase classname="tests.e2e.test_cli_smoke" name="test_cli_main_version_flag" time="0.043" /><testcase classname="tests.e2e.test_cli_smoke" name="test_cli_help_shows_workflow_examples" time="0.046" /><testcase classname="tests.e2e.test_cli_smoke" name="test_cli_main_validate_exits_zero" time="0.581" /><testcase classname="tests.e2e.test_cli_smoke" name="test_cli_main_list_roles_exits_zero" time="0.591" /><testcase classname="tests.integration.cli.test_cli_integration.TestShortFormFlags" name="test_install_short_format_flag@cli_integration" time="0.390" /><testcase classname="tests.e2e.test_cli_smoke" name="test_cli_install_help_text_clarity" time="0.022" /><testcase classname="tests.e2e.test_cli_smoke" name="test_cli_generate_with_install_all_shows_helpful_error" time="0.036" /><testcase classname="tests.edge_cases.test_error_handling" name="test_pipeline_handles_missing_recipe" time="0.009" /><testcase classname="tests.edge_cases.test_error_handling" name="test_pipeline_handles_partial_composition_failures" time="0.122" /><testcase classname="tests.edge_cases.test_error_handling" name="test_pipeline_with_empty_recipe_list" time="0.015" /><testcase classname="tests.edge_cases.test_filesystem_edge_cases.TestFileSystemErrors" name="test_load_nonexistent_file" time="0.008" /><testcase classname="tests.edge_cases.test_error_handling" name="test_executor_handles_io_errors" time="0.076" /><testcase classname="tests.edge_cases.test_filesystem_edge_cases.TestFileSystemErrors" name="test_install_output_disk_full_error" time="0.009" /><testcase classname="tests.edge_cases.test_filesystem_edge_cases.TestFileSystemErrors" name="test_install_output_creates_missing_directories" time="0.009" /><testcase classname="tests.edge_cases.test_filesystem_edge_cases.TestFileSystemErrors" name="test_path_traversal_attempt_in_recipe_name" time="0.005" /><testcase classname="tests.edge_cases.test_filesystem_edge_cases.TestFileSystemErrors" name="test_load_role_with_unicode_path" time="0.012" /><testcase classname="tests.edge_cases.test_filesystem_edge_cases.TestFileSystemErrors" name="test_resolve_target_global_with_extra_args_raises" time="0.002" /><testcase classname="tests.edge_cases.test_filesystem_edge_cases.TestFileSystemErrors" name="test_resolve_target_project_with_too_many_args_raises" time="0.001" /><testcase classname="tests.edge_cases.test_filesystem_edge_cases.TestFileSystemErrors" name="test_resolve_target_unknown_keyword_raises" time="0.001" /><testcase classname="tests.edge_cases.test_filesystem_edge_cases.TestFileSystemErrors" name="test_symlink_in_recipe_path" time="0.009"><skipped type="pytest.skip" message="Symlinks not supported on this platform">C:\Code\personetta\tests\edge_cases\test_filesystem_edge_cases.py:113: Symlinks not supported on this platform</skipped></testcase><testcase classname="tests.edge_cases.test_validation_edge_cases.TestDataValidation" name="test_empty_string_in_required_field_name" time="0.004" /><testcase classname="tests.edge_cases.test_filesystem_edge_cases.TestFileSystemErrors" name="test_load_file_with_permission_denied" time="0.010" /><testcase classname="tests.edge_cases.test_validation_edge_cases.TestDataValidation" name="test_emoji_in_tool_name" time="0.002" /><testcase classname="tests.edge_cases.test_validation_edge_cases.TestDataValidation" name="test_special_characters_in_tool_name" time="0.002" /><testcase classname="tests.edge_cases.test_validation_edge_cases.TestDataValidation" name="test_control_characters_in_yaml_string" time="0.008" /><testcase classname="tests.edge_cases.test_validation_edge_cases.TestDataValidation" name="test_very_long_string_in_description" time="0.036" /><testcase classname="tests.edge_cases.test_error_handling" name="test_pipeline_composition_error_handling" time="0.008" /><testcase classname="tests.edge_cases.test_validation_edge_cases.TestDataValidation" name="test_null_value_in_optional_field" time="0.009" /><testcase classname="tests.edge_cases.test_validation_edge_cases.TestDataValidation" name="test_duplicate_tool_names_case_insensitive" time="0.001" /><testcase classname="tests.edge_cases.test_validation_edge_cases.TestDataValidation" name="test_tool_without_name_field" time="0.001" /><testcase classname="tests.edge_cases.test_validation_edge_cases.TestDataValidation" name="test_whitespace_only_tool_name" time="0.001" /><testcase classname="tests.edge_cases.test_validation_edge_cases.TestBoundaryConditions" name="test_empty_list_responsibilities" time="0.004" /><testcase classname="tests.edge_cases.test_validation_edge_cases.TestBoundaryConditions" name="test_very_large_compose_list" time="0.262" /><testcase classname="tests.edge_cases.test_validation_edge_cases.TestBoundaryConditions" name="test_single_item_list_compose" time="0.010" /><testcase classname="tests.edge_cases.test_validation_edge_cases.TestBoundaryConditions" name="test_nested_depth_limit_in_deep_merge" time="0.001" /><testcase classname="tests.edge_cases.test_validation_edge_cases.TestBoundaryConditions" name="test_merge_with_no_roles" time="0.001" /><testcase classname="tests.edge_cases.test_validation_edge_cases.TestDataValidation" name="test_wrong_data_type_for_list_field" time="0.005" /><testcase classname="tests.edge_cases.test_validation_edge_cases.TestBoundaryConditions" name="test_union_by_key_with_empty_list" time="0.001" /><testcase classname="tests.edge_cases.test_validation_edge_cases.TestBoundaryConditions" name="test_merge_with_single_role" time="0.001" /><testcase classname="tests.edge_cases.test_validation_edge_cases.TestBoundaryConditions" name="test_union_by_key_with_missing_key" time="0.001" /><testcase classname="tests.edge_cases.test_validation_edge_cases.TestBoundaryConditions" name="test_very_large_guidelines_list_affects_tier" time="0.001" /><testcase classname="tests.edge_cases.test_validation_edge_cases.TestStateAndConcurrency" name="test_install_multiple_formats_same_recipe" time="0.016" /><testcase classname="tests.edge_cases.test_validation_edge_cases.TestStateAndConcurrency" name="test_corrupted_merge_config_fallback_to_defaults" time="0.007" /><testcase classname="tests.edge_cases.test_validation_edge_cases.TestStateAndConcurrency" name="test_extract_tool_commands_with_malformed_tools" time="0.001" /><testcase classname="tests.edge_cases.test_validation_edge_cases.TestStateAndConcurrency" name="test_parallel_recipe_loading_same_roles" time="0.050" /><testcase classname="tests.edge_cases.test_validation_edge_cases.TestStateAndConcurrency" name="test_race_condition_concurrent_file_writes" time="0.013" /><testcase classname="tests.edge_cases.test_validation_edge_cases.TestAdditionalEdgeCases" name="test_recipe_with_circular_mixin_reference" time="0.016" /><testcase classname="tests.edge_cases.test_validation_edge_cases.TestAdditionalEdgeCases" name="test_tool_sanitize_name_all_special_chars" time="0.001" /><testcase classname="tests.edge_cases.test_validation_edge_cases.TestAdditionalEdgeCases" name="test_tool_sanitize_name_with_consecutive_hyphens" time="0.001" /><testcase classname="tests.edge_cases.test_validation_edge_cases.TestAdditionalEdgeCases" name="test_yaml_with_extremely_long_key" time="0.038" /><testcase classname="tests.edge_cases.test_validation_edge_cases.TestStateAndConcurrency" name="test_missing_template_file_raises_clear_error" time="0.005" /><testcase classname="tests.edge_cases.test_yaml_edge_cases.TestInvalidYAML" name="test_yaml_with_tabs_mixed_indentation" time="0.007" /><testcase classname="tests.edge_cases.test_yaml_edge_cases.TestInvalidYAML" name="test_yaml_with_duplicate_keys" time="0.008" /><testcase classname="tests.edge_cases.test_yaml_edge_cases.TestInvalidYAML" name="test_yaml_anchor_and_alias_circular_reference" time="0.008" /><testcase classname="tests.edge_cases.test_yaml_edge_cases.TestInvalidYAML" name="test_malformed_yaml_syntax_raises_load_error" time="0.008" /><testcase classname="tests.edge_cases.test_yaml_edge_cases.TestInvalidYAML" name="test_yaml_bomb_deeply_nested" time="0.011" /><testcase classname="tests.edge_cases.test_yaml_edge_cases.TestInvalidYAML" name="test_role_missing_required_field_name" time="0.011" /><testcase classname="tests.edge_cases.test_yaml_edge_cases.TestInvalidYAML" name="test_role_missing_required_field_responsibilities" time="0.011" /><testcase classname="tests.edge_cases.test_yaml_edge_cases.TestInvalidYAML" name="test_recipe_missing_required_field_compose" time="0.010" /><testcase classname="tests.edge_cases.test_yaml_edge_cases.TestInvalidYAML" name="test_recipe_empty_compose_list" time="0.011" /><testcase classname="tests.edge_cases.test_yaml_edge_cases.TestInvalidYAML" name="test_yaml_with_binary_data" time="0.007" /><testcase classname="tests.integration.cli.test_cli_integration.TestShortFormFlags" name="test_set_active_short_format_flag@cli_integration" time="0.346" /><testcase classname="tests.integration.cli.test_skill_cleanup_cli.TestRemoveSkillCommand" name="test_remove_skill_with_confirmation_yes" time="0.025" /><testcase classname="tests.integration.cli.test_skill_cleanup_cli.TestRemoveSkillCommand" name="test_remove_skill_with_confirmation_no" time="0.020" /><testcase classname="tests.integration.cli.test_skill_cleanup_cli.TestRemoveSkillCommand" name="test_remove_nonexistent_skill" time="0.008" /><testcase classname="tests.integration.cli.test_skill_cleanup_cli.TestRemoveSkillCommand" name="test_remove_skill_with_force_flag" time="0.020" /><testcase classname="tests.integration.cli.test_skill_cleanup_cli.TestRemoveSkillCommand" name="test_remove_skill_directory_only" time="0.011" /><testcase classname="tests.integration.cli.test_skill_cleanup_cli.TestCleanSkillsCommand" name="test_clean_skills_all_formats" time="0.029" /><testcase classname="tests.integration.cli.test_skill_cleanup_cli.TestRemoveSkillCommand" name="test_remove_skill_catalog_only" time="0.015" /><testcase classname="tests.integration.cli.test_skill_cleanup_cli.TestCleanSkillsCommand" name="test_clean_skills_with_confirmation" time="0.016" /><testcase classname="tests.integration.cli.test_skill_cleanup_cli.TestCleanSkillsCommand" name="test_clean_skills_specific_format" time="0.020" /><testcase classname="tests.edge_cases.test_validation_edge_cases.TestBoundaryConditions" name="test_empty_dictionary_for_context_field" time="0.001" /><testcase classname="tests.integration.cli.test_skill_cleanup_cli.TestCleanSkillsCommand" name="test_clean_skills_decline_confirmation" time="0.012" /><testcase classname="tests.integration.cli.test_skill_update_cli.TestCheckSkillsCommand" name="test_check_skills_all_formats" time="0.129" /><testcase classname="tests.integration.cli.test_skill_update_cli.TestCheckSkillsCommand" name="test_check_skills_reports_stale" time="0.139" /><testcase classname="tests.integration.cli.test_skill_cleanup_cli.TestCleanSkillsCommand" name="test_clean_skills_no_orphans" time="0.010" /><testcase classname="tests.integration.cli.test_skill_update_cli.TestUpdateSkillCommand" name="test_update_skill_requires_format_for_name" time="0.005" /><testcase classname="tests.integration.cli.test_skill_update_cli.TestUpdateSkillCommand" name="test_update_skill_error_when_not_found" time="0.131" /><testcase classname="tests.e2e.test_cli_smoke" name="test_cli_generate_with_nonexistent_recipe_suggests_list" time="0.030" /><testcase classname="tests.e2e.test_cli_smoke" name="test_cli_generate_without_backend_or_prompt_shows_examples" time="0.024" /><testcase classname="tests.integration.cli.test_skill_update_cli.TestUpdateSkillCommand" name="test_update_skill_requires_name_or_all" time="0.006" /><testcase classname="tests.integration.content.test_semantic_validation" name="test_copilot_output_has_valid_frontmatter" time="2.771" /><testcase classname="tests.integration.content.test_semantic_validation" name="test_router_lists_all_installed_recipes" time="2.624" /><testcase classname="tests.integration.content.test_semantic_validation" name="test_claude_output_is_parseable" time="2.627" /><testcase classname="tests.integration.cli.test_skill_update_cli.TestUpdateSkillCommand" name="test_update_skill_whatif_shows_plan" time="0.144" /><testcase classname="tests.integration.content.test_semantic_validation" name="test_cursor_output_is_valid_markdown" time="2.723" /><testcase classname="tests.integration.cli.test_cli_integration.TestShortFormFlags" name="test_remove_short_format_flag@cli_integration" time="0.352" /><testcase classname="tests.integration.prompt_export.test_cli.TestGenerateCommandSyntax" name="test_generate_requires_backend_or_prompt" time="0.644" /><testcase classname="tests.integration.cli.test_cli_integration.TestShortFormFlags" name="test_install_short_target_flag@cli_integration" time="0.303" /><testcase classname="tests.integration.cli.test_cli_integration.TestWhatIfFlag" name="test_install_whatif_shows_plan_without_installing@cli_integration" time="0.081" /><testcase classname="tests.integration.prompt_export.test_cli.TestGenerateCommandSyntax" name="test_generate_prompt_stdout_success" time="0.718" /><testcase classname="tests.integration.cli.test_cli_integration.TestWhatIfFlag" name="test_remove_whatif_shows_plan_without_removing@cli_integration" time="0.341" /><testcase classname="tests.integration.cli.test_cli_integration.TestWhatIfFlag" name="test_set_active_whatif_shows_plan_without_changing@cli_integration" time="0.352" /><testcase classname="tests.integration.prompt_export.test_cli.TestGenerateCommandSyntax" name="test_generate_output_requires_prompt" time="0.667" /><testcase classname="tests.integration.cli.test_cli_integration.TestEndToEndCommands" name="test_list_command_still_works@cli_integration" time="0.508" /><testcase classname="tests.integration.cli.test_cli_integration.TestEndToEndCommands" name="test_validate_command_still_works@cli_integration" time="0.488" /><testcase classname="tests.integration.prompt_export.test_cli.TestGenerateCommandSyntax" name="test_generate_output_conflicts_with_prompt_all" time="0.661" /><testcase classname="tests.integration.cli.test_cli_integration.TestEndToEndCommands" name="test_generate_command_still_works@cli_integration" time="0.081" /><testcase classname="tests.integration.prompt_export.test_cli.TestGenerateCommandSyntax" name="test_generate_requires_recipe_id" time="0.685" /><testcase classname="tests.integration.content.test_semantic_validation" name="test_cached_recipes_are_complete" time="3.313" /><testcase classname="tests.integration.cli.test_cli_integration.TestYesFlagAndConfirmation" name="test_yes_flag_skips_confirmation@cli_integration" time="1.640" /><testcase classname="tests.integration.prompt_export.test_cli.TestGenerateCommandSyntax" name="test_generate_backend_cursor_success" time="0.905" /><testcase classname="tests.integration.content.test_semantic_validation" name="test_baseline_references_router_and_active" time="3.304" /><testcase classname="tests.integration.prompt_export.test_cli.TestGenerateCommandSyntax" name="test_generate_target_requires_backend" time="0.680" /><testcase classname="tests.integration.prompt_export.test_cli.TestGenerateCommandExecution" name="test_generate_multiple_recipes_prompt" time="0.868" /><testcase classname="tests.integration.prompt_export.test_cli.TestGenerateCommandOutput" name="test_generate_prompt_stdout_goes_to_stdout" time="0.843" /><testcase classname="tests.integration.prompt_export.test_cli.TestGenerateCommandExecution" name="test_generate_backend_and_prompt_together" time="1.016" /><testcase classname="tests.integration.prompt_export.test_cli.TestGenerateCommandOutput" name="test_generate_error_shows_helpful_message" time="0.836" /><testcase classname="tests.integration.cli.test_cli_integration.TestMultiFormat" name="test_remove_copilot_format@cli_integration" time="8.153" /><testcase classname="tests.integration.prompt_export.test_cli.TestBackendParameterParsing" name="test_backend_accepts_single_value" time="0.814" /><testcase classname="tests.integration.prompt_export.test_cli.TestBackendParameterParsing" name="test_backend_accepts_multiple_values" time="0.825" /><testcase classname="tests.integration.prompt_export.test_cli.TestBackendParameterParsing" name="test_backend_accepts_repeated_flag" time="0.856" /><testcase classname="tests.integration.prompt_export.test_cli.TestBackendParameterParsing" name="test_backend_all_expands_correctly" time="0.861" /><testcase classname="tests.integration.prompt_export.test_quick_validation" name="test_pipeline_builds_backend_work_items" time="0.117" /><testcase classname="tests.integration.prompt_export.test_quick_validation" name="test_imperative_transformation_should_to_must" time="0.003" /><testcase classname="tests.integration.prompt_export.test_quick_validation" name="test_imperative_transformation_prefer_to_use" time="0.002" /><testcase classname="tests.integration.prompt_export.test_quick_validation" name="test_prompt_has_no_backend_references" time="0.003" /><testcase classname="tests.integration.prompt_export.test_workflows.TestPromptGenerationWorkflow" name="test_single_recipe_to_stdout" time="0.023" /><testcase classname="tests.integration.prompt_export.test_workflows.TestPromptGenerationWorkflow" name="test_multiple_recipes_to_global_location" time="0.039" /><testcase classname="tests.integration.prompt_export.test_workflows.TestPromptGenerationWorkflow" name="test_custom_output_path" time="0.022" /><testcase classname="tests.integration.prompt_export.test_workflows.TestPromptGenerationWorkflow" name="test_backend_and_prompt_together" time="0.001"><skipped type="pytest.skip" message="Backend installation requires full system role structure (baseline, router)">C:\Code\personetta\tests\integration\prompt_export\test_workflows.py:165: Backend installation requires full system role structure (baseline, router)</skipped></testcase><testcase classname="tests.integration.prompt_export.test_workflows.TestPipelineConstruction" name="test_pipeline_with_multiple_backends" time="0.001" /><testcase classname="tests.integration.prompt_export.test_workflows.TestPipelineConstruction" name="test_pipeline_prompt_only" time="0.002" /><testcase classname="tests.integration.prompt_export.test_workflows.TestPipelineConstruction" name="test_pipeline_backend_only" time="0.002" /><testcase classname="tests.integration.prompt_export.test_workflows.TestRealRecipeGeneration" name="test_generate_real_python_backend_recipe" time="0.127" /><testcase classname="tests.integration.prompt_export.test_quick_validation" name="test_pipeline_builds_prompt_work_items" time="0.116" /><testcase classname="tests.integration.prompt_export.test_workflows.TestRealRecipeGeneration" name="test_all_recipes_generate_valid_prompts" time="0.484" /><testcase classname="tests.integration.prompt_export.test_cli.TestGenerateCommandExecution" name="test_generate_prompt_to_file" time="1.200" /><testcase classname="tests.integration.test_integration_e2e.TestEndToEnd" name="test_full_pipeline_copilot" time="0.079" /><testcase classname="tests.integration.prompt_export.test_quick_validation" name="test_standalone_prompt_generator_produces_output" time="0.003" /><testcase classname="tests.integration.prompt_export.test_cli.TestGenerateCommandOutput" name="test_generate_shows_summary" time="1.052" /><testcase classname="tests.integration.test_integration_e2e.TestEndToEnd" name="test_mixin_adds_without_overriding_tone" time="0.077" /><testcase classname="tests.integration.test_integration_e2e.TestEndToEnd" name="test_full_pipeline_cline" time="0.071" /><testcase classname="tests.integration.test_integration_e2e.TestEndToEndWithRealData" name="test_real_recipe_generates_without_errors" time="0.107" /><testcase classname="tests.integration.test_integration_e2e.TestEndToEndWithRealData" name="test_all_real_recipes_generate_without_errors" time="3.827" /><testcase classname="tests.integration.test_integration_install_cursor.TestInstallAll" name="test_installs_all_recipes" time="0.124" /><testcase classname="tests.integration.test_integration_e2e.TestEndToEnd" name="test_full_pipeline_cursor" time="0.069" /><testcase classname="tests.integration.test_integration_install_cursor.TestInstallAll" name="test_installed_files_have_frontmatter" time="0.118" /><testcase classname="tests.integration.test_integration_install_cursor.TestInstallAll" name="test_frontmatter_description_matches_recipe" time="0.130" /><testcase classname="tests.integration.test_integration_install_cursor.TestInstallAll" name="test_installed_files_contain_role_sections" time="0.123" /><testcase classname="tests.integration.test_integration_install_cursor.TestInstallAll" name="test_frontmatter_is_parseable_yaml" time="0.119" /><testcase classname="tests.integration.test_integration_install_cursor.TestInstallAll" name="test_install_all_with_multiple_recipes" time="0.384" /><testcase classname="tests.integration.test_integration_install_cursor.TestInstallAllFilter" name="test_filter_excludes_non_matching" time="0.057" /><testcase classname="tests.integration.test_integration_install_cursor.TestInstallAllFilter" name="test_filter_is_case_sensitive" time="0.307" /><testcase classname="tests.integration.test_integration_install_cursor.TestInstallAllFilter" name="test_filter_includes_matching_substring" time="0.075" /><testcase classname="tests.integration.test_integration_install_cursor.TestInstallAllFilter" name="test_cursor_install_respects_filter_substring" time="0.147" /><testcase classname="tests.integration.test_integration_install_cursor.TestInstallAllIdempotency" name="test_double_install_produces_same_content" time="0.210" /><testcase classname="tests.integration.test_integration_e2e.TestEndToEnd" name="test_guideline_deduplication" time="0.097" /><testcase classname="tests.integration.test_integration_e2e.TestEndToEnd" name="test_full_pipeline_claude" time="0.099" /><testcase classname="tests.integration.test_integration_install_cursor.TestInstallAllIdempotency" name="test_double_install_byte_identical" time="0.197" /><testcase classname="tests.integration.test_integration_install_cursor.TestInstallAllIdempotency" name="test_triple_install_stable" time="0.337" /><testcase classname="tests.integration.test_integration_install_cursor.TestInstallAllIdempotency" name="test_install_does_not_remove_unrelated_files" time="0.124" /><testcase classname="tests.integration.test_integration_install_cursor.TestInstallAllIdempotency" name="test_double_install_same_file_count" time="0.269" /><testcase classname="tests.integration.test_integration_install_cursor.TestInstallAllIdempotency" name="test_idempotent_with_real_data" time="6.573" /><testcase classname="tests.integration.test_integration_install_cursor.TestInstallAllIdempotency" name="test_install_overwrites_stale_content" time="0.129" /><testcase classname="tests.integration.test_integration_install_cursor.TestCursorLayoutContract" name="test_install_all_zero_successes_no_personetta_rules" time="0.061" /><testcase classname="tests.integration.test_integration_install_cursor.TestInstallAllIdempotency" name="test_idempotent_across_all_formats" time="0.703" /><testcase classname="tests.integration.test_integration_install_cursor.TestInstallAllIdempotency" name="test_output_deterministic_ordering" time="0.279" /><testcase classname="tests.integration.test_integration_install_cursor.TestCursorLayoutContract" name="test_install_all_zero_successes_cleans_prior_install" time="3.616" /><testcase classname="tests.integration.test_integration_install_cursor.TestCursorLayoutContract" name="test_corrupt_cursor_state_does_not_break_single_recipe_install" time="0.196" /><testcase classname="tests.integration.test_integration_install_cursor.TestCursorLayoutContract" name="test_set_active_with_cache_missing_frontmatter_still_writes_active" time="0.136" /><testcase classname="tests.integration.test_integration_install_cursor.TestCursorLayoutContract" name="test_install_single_cold_target_writes_baseline_router_cache" time="0.203" /><testcase classname="tests.integration.test_integration_install_cursor.TestCursorLayoutContract" name="test_install_all_filter_prunes_non_matching_cache" time="0.263" /><testcase classname="tests.integration.test_integration_install_cursor.TestCursorSetActive" name="test_set_active_switches_persona" time="0.152" /><testcase classname="tests.integration.test_integration_install_cursor.TestCursorSetActive" name="test_set_active_missing_cache_raises" time="0.010" /><testcase classname="tests.integration.test_integration_install_cursor.TestInstallAllWithRealData" name="test_cursor_router_lists_activation_phrases" time="3.344" /><testcase classname="tests.integration.test_integration_install_cursor.TestInstallAllWithRealData" name="test_all_real_recipes_install_cursor" time="3.378" /><testcase classname="tests.integration.test_integration_install_cursor.TestInstallAll" name="test_installed_filenames_match_recipe_names" time="0.115" /><testcase classname="tests.integration.test_integration_installer.TestInstaller" name="test_copilot_install_path" time="0.006" /><testcase classname="tests.integration.test_integration_installer.TestInstaller" name="test_claude_install_path" time="0.004" /><testcase classname="tests.integration.test_integration_installer.TestInstaller" name="test_cline_install_path" time="0.005" /><testcase classname="tests.integration.test_integration_installer.TestInstaller" name="test_install_creates_file" time="0.008" /><testcase classname="tests.integration.test_integration_installer.TestInstaller" name="test_install_creates_directories" time="0.011" /><testcase classname="tests.integration.workflows.test_cross_module.TestCrossModuleIntegration" name="test_loader_to_merger_to_formatter_chain" time="0.041" /><testcase classname="tests.integration.workflows.test_cross_module.TestCrossModuleIntegration" name="test_validator_to_pipeline_error_handling" time="0.083" /><testcase classname="tests.integration.workflows.test_cross_module.TestCrossModuleIntegration" name="test_merger_deduplication_across_formats" time="0.084" /><testcase classname="tests.integration.workflows.test_cross_module.TestCrossModuleIntegration" name="test_installer_creates_correct_directory_structure" time="0.198" /><testcase classname="tests.integration.workflows.test_cross_module.TestCrossModuleIntegration" name="test_recipe_catalog_integration" time="0.039" /><testcase classname="tests.integration.workflows.test_cross_module.TestCrossModuleIntegration" name="test_merge_config_affects_output" time="0.054" /><testcase classname="tests.integration.workflows.test_cross_module.TestCrossModuleIntegration" name="test_formatter_consistency_across_same_input" time="0.050" /><testcase classname="tests.integration.workflows.test_cross_module.TestCrossModuleIntegration" name="test_end_to_end_with_all_role_types" time="0.094" /><testcase classname="tests.integration.workflows.test_multi_format.TestMultiFormatWorkflows" name="test_install_to_cursor_and_copilot_maintains_separate_state" time="0.119" /><testcase classname="tests.integration.workflows.test_multi_format.TestMultiFormatWorkflows" name="test_set_different_active_recipes_per_format" time="0.130" /><testcase classname="tests.integration.workflows.test_multi_format.TestMultiFormatWorkflows" name="test_all_four_formats_coexist_with_independent_state" time="0.170" /><testcase classname="tests.integration.test_integration_install_cursor.TestCursorLayoutContract" name="test_refresh_router_from_empty_cache_returns_none" time="0.043" /><testcase classname="tests.integration.workflows.test_multi_format.TestMultiFormatWorkflows" name="test_remove_from_one_format_leaves_others_intact" time="0.109" /><testcase classname="tests.integration.workflows.test_multi_format.TestMultiFormatWorkflows" name="test_install_multiple_recipes_each_format_gets_all" time="0.147" /><testcase classname="tests.integration.workflows.test_multi_format.TestMultiFormatWorkflows" name="test_state_json_structure_consistent_across_formats" time="0.177" /><testcase classname="tests.integration.workflows.test_multi_format.TestMultiFormatWorkflows" name="test_format_specific_file_extensions" time="0.181" /><testcase classname="tests.integration.workflows.test_multi_format.TestMultiFormatWorkflows" name="test_global_vs_project_install_isolation" time="0.102" /><testcase classname="tests.integration.workflows.test_multi_format.TestMultiFormatWorkflows" name="test_cache_pruning_on_failed_recipes" time="0.038" /><testcase classname="tests.integration.workflows.test_multi_format.TestMultiFormatWorkflows" name="test_set_active_requires_cached_recipe" time="0.064" /><testcase classname="tests.integration.workflows.test_pipeline.TestFullPipelineWorkflows" name="test_load_compose_install_set_active_complete_flow" time="0.081" /><testcase classname="tests.integration.workflows.test_pipeline.TestFullPipelineWorkflows" name="test_real_recipes_complete_pipeline" time="0.343" /><testcase classname="tests.integration.workflows.test_pipeline.TestFullPipelineWorkflows" name="test_recipe_with_mixins_full_pipeline" time="0.093" /><testcase classname="tests.integration.workflows.test_pipeline.TestFullPipelineWorkflows" name="test_validation_errors_prevent_installation" time="0.041" /><testcase classname="tests.integration.workflows.test_pipeline.TestFullPipelineWorkflows" name="test_multiple_recipes_install_in_single_batch" time="0.114" /><testcase classname="tests.integration.test_integration_install_cursor.TestInstallAllWithRealData" name="test_real_frontmatter_descriptions_are_nontrivial" time="3.151" /><testcase classname="tests.integration.test_integration_installer.TestInstaller" name="test_cursor_install_path_matches_output_format_spec" time="0.004" /><testcase classname="tests.integration.workflows.test_pipeline.TestFullPipelineWorkflows" name="test_set_active_updates_active_file_content" time="0.104" /><testcase classname="tests.integration.workflows.test_pipeline.TestFullPipelineWorkflows" name="test_formatter_produces_format_specific_output" time="0.041" /><testcase classname="tests.integration.workflows.test_state_management.TestStatePersistence" name="test_state_persists_across_set_active_calls" time="0.108" /><testcase classname="tests.integration.workflows.test_pipeline.TestFullPipelineWorkflows" name="test_language_specific_enhancements_in_pipeline" time="0.082" /><testcase classname="tests.integration.workflows.test_pipeline.TestFullPipelineWorkflows" name="test_install_creates_all_system_files" time="0.057" /><testcase classname="tests.integration.workflows.test_state_management.TestStatePersistence" name="test_remove_recipe_cache_preserves_state_file" time="0.088" /><testcase classname="tests.integration.workflows.test_state_management.TestStatePersistence" name="test_state_json_valid_after_multiple_operations" time="0.081" /><testcase classname="tests.integration.workflows.test_state_management.TestStatePersistence" name="test_cache_persists_after_install" time="0.075" /><testcase classname="tests.integration.workflows.test_state_management.TestStatePersistence" name="test_empty_state_handled_gracefully" time="0.009" /><testcase classname="tests.quality.audit.test_freshness" name="test_audit_freshness_message_none_when_recent" time="0.004" /><testcase classname="tests.integration.workflows.test_state_management.TestStatePersistence" name="test_state_isolated_between_targets" time="0.153" /><testcase classname="tests.quality.audit.test_freshness" name="test_audit_freshness_message_when_stamp_old" time="0.007" /><testcase classname="tests.integration.workflows.test_state_management.TestStatePersistence" name="test_reinstall_preserves_existing_active_selection" time="0.112" /><testcase classname="tests.quality.audit.test_freshness" name="test_audit_freshness_message_when_stamp_invalid" time="0.008" /><testcase classname="tests.quality.audit.test_freshness" name="test_audit_freshness_notice_warns_without_failing" time="0.003" /><testcase classname="tests.quality.static_analysis.test_complexity.TestCodeComplexity" name="test_cyclomatic_complexity_limit" time="0.003" /><testcase classname="tests.quality.static_analysis.test_complexity.TestCodeComplexity" name="test_cognitive_complexity_limit" time="0.002" /><testcase classname="tests.quality.static_analysis.test_complexity.TestCodeComplexity" name="test_class_method_count_limit" time="0.002" /><testcase classname="tests.quality.static_analysis.test_complexity.TestCodeComplexity" name="test_file_size_limit" time="0.002" /><testcase classname="tests.quality.static_analysis.test_complexity.TestCodeComplexity" name="test_function_size_limit" time="0.002" /><testcase classname="tests.quality.static_analysis.test_complexity.TestCodeComplexity" name="test_import_count_limit" time="0.002" /><testcase classname="tests.quality.static_analysis.test_mypy" name="test_mypy_check_passes" time="0.861" /><testcase classname="tests.quality.audit.test_freshness" name="test_committed_audit_stamp_exists_and_is_iso_date" time="0.004" /><testcase classname="tests.quality.static_analysis.test_quality_tools" name="test_unicode_character_inventory" time="0.936" /><testcase classname="tests.integration.workflows.test_state_management.TestStatePersistence" name="test_state_format_consistent_across_installs" time="0.104" /><testcase classname="tests.integration.cli.test_cli_integration.TestMultiFormat" name="test_remove_claude_format@cli_integration" time="7.662" /><testcase classname="tests.quality.static_analysis.test_quality_tools" name="test_mypy_type_checking_passes" time="1.777" /><testcase classname="tests.quality.static_analysis.test_quality_tools" name="test_file_encoding_validation" time="0.882" /><testcase classname="tests.quality.static_analysis.test_quality_tools" name="test_ruff_check_passes" time="0.326" /><testcase classname="tests.quality.static_analysis.test_quality_tools" name="test_ruff_format_check" time="0.001"><skipped type="pytest.skip" message="Using black exclusively for formatting - test disabled">C:\Code\personetta\tests\quality\static_analysis\test_quality_tools.py:240: Using black exclusively for formatting - test disabled</skipped></testcase><testcase classname="tests.quality.static_analysis.test_quality_tools" name="test_bandit_security_scan_passes" time="2.646" /><testcase classname="tests.integration.test_integration_install_cursor.TestInstallAllErrorHandling" name="test_conflicting_recipe_is_skipped" time="0.126" /><testcase classname="tests.quality.static_analysis.test_quality_tools" name="test_black_format_check" time="2.204" /><testcase classname="tests.quality.static_analysis.test_quality_tools" name="test_coverage_meets_threshold" time="0.001"><skipped type="pytest.skip" message="Coverage already verified by main test run with --cov flag">C:\Code\personetta\tests\quality\static_analysis\test_quality_tools.py:306: Coverage already verified by main test run with --cov flag</skipped></testcase><testcase classname="tests.quality.static_analysis.test_quality_tools" name="test_black_format_fix" time="0.001"><skipped type="pytest.skip" message="Code-modifying - run with --fix flag explicitly">C:\Code\personetta\tests\quality\static_analysis\test_quality_tools.py:398: Code-modifying - run with --fix flag explicitly</skipped></testcase><testcase classname="tests.quality.static_analysis.test_quality_tools" name="test_ruff_fix_auto_fixable_issues" time="0.001"><skipped type="pytest.skip" message="Code-modifying - run with --fix flag explicitly">C:\Code\personetta\tests\quality\static_analysis\test_quality_tools.py:414: Code-modifying - run with --fix flag explicitly</skipped></testcase><testcase classname="tests.quality.static_analysis.test_quality_tools" name="test_all_readonly_tools_parallel" time="3.079" /><testcase classname="tests.quality.static_analysis.test_quality_tools" name="test_pylint_check_passes" time="17.837" /><testcase classname="tests.integration.workflows.test_pipeline.TestFullPipelineWorkflows" name="test_install_with_filter_only_processes_matching_recipes" time="0.050" /><testcase classname="tests.quality.workspace.test_conventions" name="test_yaml_json_kebab_case" time="2.652" /><testcase classname="tests.quality.static_analysis.test_quality_tools" name="test_mutation_testing_with_mutmut" time="0.001"><skipped type="pytest.skip" message="Mutation testing is very slow - run manually with --run-mutation">C:\Code\personetta\tests\quality\static_analysis\test_quality_tools.py:345: Mutation testing is very slow - run manually with --run-mutation</skipped></testcase><testcase classname="tests.quality.workspace.test_conventions" name="test_schema_files_naming_convention" time="0.004" /><testcase classname="tests.quality.workspace.test_conventions" name="test_template_files_naming_convention" time="0.004" /><testcase classname="tests.quality.static_analysis.test_quality_tools" name="test_coverage_html_report_generation" time="0.951"><skipped type="pytest.skip" message="No coverage data found. Run: pytest --cov=src/generator --cov-report=html">C:\Code\personetta\tests\quality\static_analysis\test_quality_tools.py:298: No coverage data found. Run: pytest --cov=src/generator --cov-report=html</skipped></testcase><testcase classname="tests.quality.workspace.test_conventions" name="test_src_contains_only_python" time="0.043" /><testcase classname="tests.quality.workspace.test_conventions" name="test_single_readme_at_root" time="2.990" /><testcase classname="tests.quality.workspace.test_conventions" name="test_no_allcaps_markdown_files" time="0.790" /><testcase classname="tests.quality.workspace.test_conventions" name="test_data_contains_no_python" time="0.027" /><testcase classname="tests.quality.workspace.test_conventions" name="test_test_type_directories_exist" time="0.002" /><testcase classname="tests.quality.workspace.test_conventions" name="test_test_files_in_correct_directories" time="0.004" /><testcase classname="tests.quality.workspace.test_conventions" name="test_no_module_dirs_at_wrong_level" time="0.004" /><testcase classname="tests.quality.workspace.test_conventions" name="test_build_artifacts_gitignored" time="0.002" /><testcase classname="tests.quality.workspace.test_conventions" name="test_tool_artifacts_in_tool_stuff" time="0.002" /><testcase classname="tests.quality.workspace.test_conventions" name="test_no_out_of_place_directories" time="0.004" /><testcase classname="tests.quality.workspace.test_conventions" name="test_no_generated_files_in_tracked_dirs" time="2.328" /><testcase classname="tests.quality.workspace.test_conventions" name="test_powershell_pascal_case_with_hyphens" time="0.765" /><testcase classname="tests.quality.workspace.test_conventions" name="test_unit_tests_mirror_src_structure" time="0.003" /><testcase classname="tests.unit.cli.commands.test_check_skills.TestCheckSkillsCommand" name="test_check_skills_no_stale_skills" time="0.188" /><testcase classname="tests.unit.cli.commands.test_check_skills.TestCheckSkillsCommand" name="test_check_skills_with_stale_skills" time="0.171" /><testcase classname="tests.unit.cli.commands.test_check_skills.TestCheckSkillsCommand" name="test_check_skills_specific_format" time="0.007" /><testcase classname="tests.unit.cli.commands.test_check_skills.TestCheckSkillsCommand" name="test_check_skills_all_formats" time="0.005" /><testcase classname="tests.unit.cli.commands.test_check_skills.TestCheckSkillsCommand" name="test_check_skills_loads_all_recipes" time="0.005" /><testcase classname="tests.unit.cli.commands.test_check_skills.TestCheckSkillsCommand" name="test_check_skills_handles_missing_skills_dir" time="0.005" /><testcase classname="tests.unit.cli.commands.test_clean_skills.TestCleanSkillsCommand" name="test_clean_skills_no_orphans" time="0.006" /><testcase classname="tests.unit.cli.commands.test_clean_skills.TestCleanSkillsCommand" name="test_clean_skills_with_orphans_cancelled" time="0.005" /><testcase classname="tests.unit.cli.commands.test_clean_skills.TestCleanSkillsCommand" name="test_clean_skills_force_flag_skips_confirmation" time="0.007" /><testcase classname="tests.unit.cli.commands.test_clean_skills.TestCleanSkillsCommand" name="test_clean_skills_specific_format" time="0.001" /><testcase classname="tests.unit.cli.commands.test_clean_skills.TestCleanSkillsCommand" name="test_clean_skills_all_formats" time="0.002" /><testcase classname="tests.unit.cli.commands.test_clean_skills.TestCleanSkillsCommand" name="test_clean_skills_whatif_mode" time="0.006" /><testcase classname="tests.unit.cli.commands.test_generate.TestGenerateCommand" name="test_generate_requires_backend_or_prompt" time="0.002" /><testcase classname="tests.unit.cli.commands.test_generate.TestGenerateCommand" name="test_generate_output_requires_prompt" time="0.003" /><testcase classname="tests.unit.cli.commands.test_generate.TestGenerateCommand" name="test_generate_output_conflicts_with_all" time="0.002" /><testcase classname="tests.unit.cli.commands.test_generate.TestGenerateCommand" name="test_generate_target_requires_backend" time="0.002" /><testcase classname="tests.unit.cli.commands.test_generate.TestGenerateCommand" name="test_generate_backend_all_expands" time="0.001" /><testcase classname="tests.unit.cli.commands.test_generate.TestGenerateCommand" name="test_generate_deduplicates_backends" time="0.002" /><testcase classname="tests.unit.cli.commands.test_generate.TestGenerateCommand" name="test_generate_install_command_error_detection" time="0.002" /><testcase classname="tests.unit.cli.commands.test_install.TestInstallCommand" name="test_install_requires_format" time="0.076" /><testcase classname="tests.quality.workspace.test_conventions" name="test_no_nested_self_referential_directories" time="2.135" /><testcase classname="tests.unit.cli.commands.test_install.TestInstallCommand" name="test_install_matches_recipes_case_insensitive" time="0.006" /><testcase classname="tests.unit.cli.commands.test_install.TestInstallCommand" name="test_install_no_matches_returns_empty" time="0.002" /><testcase classname="tests.unit.cli.commands.test_install.TestInstallCommand" name="test_install_deduplicates_patterns" time="0.002" /><testcase classname="tests.unit.cli.commands.test_install.TestInstallCommand" name="test_install_prints_installed_recipes" time="0.007" /><testcase classname="tests.unit.cli.commands.test_list.TestListCommand" name="test_list_normalizes_empty_patterns" time="0.002" /><testcase classname="tests.unit.cli.commands.test_list.TestListCommand" name="test_list_normalizes_all_to_wildcard" time="0.002" /><testcase classname="tests.unit.cli.commands.test_list.TestListCommand" name="test_list_filters_case_insensitive" time="0.002" /><testcase classname="tests.unit.cli.commands.test_list.TestListCommand" name="test_list_wildcard_returns_all" time="0.001" /><testcase classname="tests.unit.cli.commands.test_list.TestListCommand" name="test_list_deduplicates_matches" time="0.001" /><testcase classname="tests.unit.cli.commands.test_list.TestListCommand" name="test_list_defaults_to_both_roles_and_recipes" time="0.640" /><testcase classname="tests.unit.cli.commands.test_list_skills.TestListSkillsCommand" name="test_list_skills_specific_format" time="0.002" /><testcase classname="tests.unit.cli.commands.test_list_skills.TestListSkillsCommand" name="test_list_skills_all_formats" time="0.002" /><testcase classname="tests.unit.cli.commands.test_list_skills.TestListSkillsCommand" name="test_list_skills_truncates_long_descriptions" time="0.002" /><testcase classname="tests.unit.cli.commands.test_list_skills.TestListSkillsCommand" name="test_list_skills_preserves_short_descriptions" time="0.002" /><testcase classname="tests.unit.cli.commands.test_list_skills.TestListSkillsCommand" name="test_list_skills_counts_total_skills" time="0.001" /><testcase classname="tests.unit.cli.commands.test_list_skills.TestListSkillsCommand" name="test_list_skills_refresh_flag_triggers_refresh" time="0.006" /><testcase classname="tests.unit.cli.commands.test_recipe.TestRecipeCommandExists" name="test_recipe_command_in_parser" time="0.021" /><testcase classname="tests.unit.cli.commands.test_recipe.TestRecipeCommandExists" name="test_recipe_command_has_required_args" time="0.031" /><testcase classname="tests.quality.workspace.test_conventions" name="test_scripts_separate_from_src" time="0.002" /><testcase classname="tests.unit.cli.commands.test_recipe.TestRecipeCommand" name="test_recipe_prints_warnings" time="0.002" /><testcase classname="tests.unit.cli.commands.test_recipe.TestRecipeCommand" name="test_recipe_fails_on_errors" time="0.011" /><testcase classname="tests.unit.cli.commands.test_recipe.TestRecipeCommand" name="test_recipe_writes_to_file" time="0.010" /><testcase classname="tests.unit.cli.commands.test_recipe.TestRecipeCommand" name="test_recipe_install_to_cache" time="0.010" /><testcase classname="tests.unit.cli.commands.test_recipe.TestRecipeCommand" name="test_recipe_prints_to_stdout" time="0.006" /><testcase classname="tests.unit.cli.commands.test_remove.TestRemoveCommand" name="test_remove_matches_case_insensitive" time="0.002" /><testcase classname="tests.unit.cli.commands.test_recipe.TestRecipeCommand" name="test_recipe_handles_install_error" time="0.011" /><testcase classname="tests.unit.cli.commands.test_remove.TestRemoveCommand" name="test_remove_deduplicates_matches" time="0.002" /><testcase classname="tests.unit.cli.commands.test_remove.TestRemoveCommand" name="test_remove_whatif_skips_removal" time="0.006" /><testcase classname="tests.unit.cli.commands.test_remove.TestRemoveCommand" name="test_remove_handles_keyboard_interrupt" time="0.007" /><testcase classname="tests.unit.cli.commands.test_remove.TestRemoveCommand" name="test_remove_yes_flag_skips_confirmation" time="0.005" /><testcase classname="tests.unit.cli.commands.test_remove.TestRemoveCommand" name="test_remove_handles_eof_error" time="0.007" /><testcase classname="tests.unit.cli.commands.test_remove.TestRemovePatternMatching" name="test_remove_single_exact_match" time="5.763" /><testcase classname="tests.unit.cli.commands.test_remove.TestRemovePatternMatching" name="test_remove_wildcard_pattern" time="5.623" /><testcase classname="tests.quality.workspace.test_conventions" name="test_no_duplicate_files" time="2.685" /><testcase classname="tests.integration.cli.test_cli_integration.TestMultiFormat" name="test_remove_cline_format@cli_integration" time="8.412" /><testcase classname="tests.unit.cli.commands.test_install.TestInstallCommand" name="test_install_whatif_shows_plan" time="0.010" /><testcase classname="tests.unit.cli.commands.test_remove.TestRemovePatternMatching" name="test_remove_empty_cache_error" time="0.867" /><testcase classname="tests.unit.cli.commands.test_remove.TestActiveRecipeHandling" name="test_remove_active_recipe_sets_new_active" time="6.336" /><testcase classname="tests.unit.cli.commands.test_remove.TestRemovePatternMatching" name="test_remove_no_matches_error" time="5.828" /><testcase classname="tests.unit.cli.commands.test_remove.TestRemovePatternMatching" name="test_remove_case_insensitive_pattern" time="6.697" /><testcase classname="tests.unit.cli.commands.test_remove.TestRemovePatternMatching" name="test_remove_multiple_patterns" time="6.878" /><testcase classname="tests.unit.cli.commands.test_remove.TestActiveRecipeHandling" name="test_remove_non_active_recipe_keeps_active" time="6.032" /><testcase classname="tests.unit.cli.commands.test_remove.TestActiveRecipeHandling" name="test_remove_all_recipes_clears_active" time="6.038" /><testcase classname="tests.integration.cli.test_cli_integration.TestRouterRegeneration" name="test_router_regenerated_after_removal@cli_integration" time="5.959" /><testcase classname="tests.unit.cli.commands.test_remove.TestConfirmationPrompt" name="test_confirmation_yes_proceeds" time="1.694" /><testcase classname="tests.unit.cli.commands.test_remove.TestConfirmationPrompt" name="test_confirmation_no_cancels" time="1.618" /><testcase classname="tests.quality.workspace.test_conventions" name="test_python_files_snake_case" time="1.113" /><testcase classname="tests.unit.cli.commands.test_remove_skill.TestRemoveSkillCommand" name="test_remove_skill_whatif_mode" time="0.011" /><testcase classname="tests.unit.cli.commands.test_remove_skill.TestRemoveSkillCommand" name="test_remove_skill_handles_nonexistent_skill" time="0.006" /><testcase classname="tests.unit.cli.commands.test_set_active.TestSetActiveCommand" name="test_set_active_whatif_shows_plan" time="0.007" /><testcase classname="tests.unit.cli.commands.test_set_active.TestSetActiveCommand" name="test_set_active_handles_unknown_format" time="0.005" /><testcase classname="tests.unit.cli.commands.test_set_active.TestSetActiveCommand" name="test_set_active_handles_file_not_found" time="0.006" /><testcase classname="tests.unit.cli.commands.test_set_active.TestSetActiveCommand" name="test_set_active_returns_destination_path" time="0.008" /><testcase classname="tests.unit.cli.commands.test_set_active.TestSetActiveCommand" name="test_set_active_success_message" time="0.006" /><testcase classname="tests.unit.cli.commands.test_set_active.TestSetActiveCommand" name="test_set_active_handles_runtime_error" time="0.005" /><testcase classname="tests.unit.cli.commands.test_skill.TestSkillCommandParser" name="test_skill_subparser_exists" time="0.020" /><testcase classname="tests.unit.cli.commands.test_skill.TestSkillCommandParser" name="test_skill_required_arguments" time="0.030" /><testcase classname="tests.unit.cli.commands.test_skill.TestSkillCommandParser" name="test_skill_optional_flags" time="0.024" /><testcase classname="tests.unit.cli.commands.test_skill.TestSkillCommandParser" name="test_skill_multiple_patterns" time="0.025" /><testcase classname="tests.unit.cli.commands.test_skill.TestSkillCommandParser" name="test_skill_short_form_flags" time="0.022" /><testcase classname="tests.unit.cli.commands.test_remove_skill.TestRemoveSkillCommand" name="test_remove_skill_no_confirmation_cancels" time="0.003" /><testcase classname="tests.unit.cli.commands.test_skill.TestSkillNameValidation" name="test_normalize_skill_name_spaces_to_hyphens" time="0.001" /><testcase classname="tests.unit.cli.commands.test_skill.TestSkillNameValidation" name="test_normalize_skill_name_underscores_to_hyphens" time="0.001" /><testcase classname="tests.unit.cli.commands.test_skill.TestSkillNameValidation" name="test_normalize_skill_name_multiple_hyphens" time="0.001" /><testcase classname="tests.unit.cli.commands.test_skill.TestSkillNameValidation" name="test_normalize_skill_name_strip_hyphens" time="0.001" /><testcase classname="tests.unit.cli.commands.test_skill.TestSkillNameValidation" name="test_normalize_skill_name_lowercase" time="0.001" /><testcase classname="tests.unit.cli.commands.test_skill.TestSkillNameValidation" name="test_validate_skill_name_valid" time="0.001" /><testcase classname="tests.unit.cli.commands.test_skill.TestSkillNameValidation" name="test_validate_skill_name_invalid_special_chars" time="0.002" /><testcase classname="tests.unit.cli.commands.test_skill.TestSkillNameValidation" name="test_validate_skill_name_invalid_length" time="0.001" /><testcase classname="tests.unit.cli.commands.test_skill.TestSkillNameValidation" name="test_validate_skill_name_invalid_start_end" time="0.001" /><testcase classname="tests.unit.cli.commands.test_skill.TestSkillCommandPatternMatching" name="test_single_pattern_matches_one_recipe" time="0.094" /><testcase classname="tests.unit.cli.commands.test_skill.TestSkillCommandPatternMatching" name="test_wildcard_pattern_matches_multiple" time="0.093" /><testcase classname="tests.unit.cli.commands.test_skill.TestSkillCommandPatternMatching" name="test_no_pattern_matches_shows_error" time="0.081" /><testcase classname="tests.unit.cli.commands.test_skill.TestSkillCommandOverwriteBehavior" name="test_skill_creates_new_directory" time="0.167" /><testcase classname="tests.unit.cli.commands.test_skill.TestSkillCommandOverwriteBehavior" name="test_force_flag_overwrites_existing" time="0.368" /><testcase classname="tests.unit.cli.commands.test_remove_skill.TestRemoveSkillCommand" name="test_remove_skill_handles_missing_directory" time="0.005" /><testcase classname="tests.unit.cli.commands.test_skill.TestSkillCommandIntegration" name="test_skill_generation_creates_all_files" time="0.181" /><testcase classname="tests.unit.cli.commands.test_skill.TestSkillCommandOverwriteBehavior" name="test_prompt_on_existing_without_force" time="0.260" /><testcase classname="tests.unit.cli.commands.test_skill.TestSkillCommandIntegration" name="test_skill_name_auto_conversion" time="0.160" /><testcase classname="tests.unit.cli.commands.test_remove_skill.TestRemoveSkillCommand" name="test_remove_skill_checks_existence" time="0.009" /><testcase classname="tests.unit.cli.commands.test_skill.TestSkillCommand" name="test_skill_validates_normalized_name" time="0.002" /><testcase classname="tests.unit.cli.commands.test_skill.TestSkillCommand" name="test_skill_matches_recipes_case_insensitive" time="0.001" /><testcase classname="tests.unit.cli.commands.test_skill.TestSkillCommand" name="test_skill_deduplicates_recipe_matches" time="0.001" /><testcase classname="tests.unit.cli.commands.test_skill.TestSkillCommand" name="test_skill_whatif_shows_plan" time="0.005" /><testcase classname="tests.unit.cli.commands.test_skill.TestSkillCommand" name="test_skill_handles_empty_skill_name" time="0.002" /><testcase classname="tests.unit.cli.commands.test_update_skill.TestUpdateSkillCommand" name="test_update_skill_validates_args" time="0.002" /><testcase classname="tests.unit.cli.commands.test_update_skill.TestUpdateSkillCommand" name="test_update_skill_requires_format_with_name" time="0.002" /><testcase classname="tests.unit.cli.commands.test_skill.TestSkillCommandIntegration" name="test_skill_name_invalid_fails" time="0.086" /><testcase classname="tests.unit.cli.commands.test_update_skill.TestUpdateSkillCommand" name="test_update_skill_force_skips_confirmation" time="0.005" /><testcase classname="tests.unit.cli.commands.test_update_skill.TestUpdateSkillCommand" name="test_update_skill_loads_current_recipes" time="0.001" /><testcase classname="tests.unit.cli.commands.test_update_skill.TestUpdateSkillCommand" name="test_update_skill_user_cancels_update" time="0.005" /><testcase classname="tests.unit.cli.commands.test_skill.TestSkillCommand" name="test_skill_normalizes_name" time="0.002" /><testcase classname="tests.unit.cli.commands.test_skill.TestSkillCommandWhatIfMode" name="test_whatif_shows_plan_no_creation" time="0.081" /><testcase classname="tests.unit.cli.commands.test_validate.TestValidateCommand" name="test_validate_all_files_valid" time="0.005" /><testcase classname="tests.unit.cli.commands.test_validate.TestValidateCommand" name="test_validate_shows_file_paths" time="0.006" /><testcase classname="tests.unit.cli.commands.test_validate.TestValidateCommand" name="test_validate_counts_total_errors" time="0.005" /><testcase classname="tests.unit.cli.commands.test_validate.TestValidateCommand" name="test_validate_returns_zero_on_success" time="0.005" /><testcase classname="tests.unit.cli.commands.test_validate.TestValidateCommand" name="test_validate_returns_one_on_failure" time="0.005" /><testcase classname="tests.unit.cli.test_cursor_hooks" name="test_install_all_cursor_calls_publish_cursor_skills" time="2.579" /><testcase classname="tests.unit.cli.test_cursor_hooks" name="test_install_all_cursor_calls_emit_sync_on_global_target" time="2.715" /><testcase classname="tests.unit.cli.commands.test_update_skill.TestUpdateSkillCommand" name="test_update_skill_whatif_shows_plan" time="0.007" /><testcase classname="tests.unit.cli.test_install_patterns" name="test_install_all_pattern_with_copilot" time="2.757" /><testcase classname="tests.unit.cli.commands.test_validate.TestValidateCommand" name="test_validate_with_errors" time="0.006" /><testcase classname="tests.unit.cli.test_install_patterns" name="test_install_multiple_patterns" time="1.117" /><testcase classname="tests.unit.cli.commands.test_remove_skill.TestRemoveSkillCommand" name="test_remove_skill_force_flag_skips_confirmation" time="0.001" /><testcase classname="tests.unit.cli.test_install_patterns" name="test_install_case_insensitive_matching" time="0.863" /><testcase classname="tests.integration.cli.test_cli_integration.TestUIFeedback" name="test_shows_recipes_to_be_removed@cli_integration" time="2.339" /><testcase classname="tests.unit.cli.test_install_patterns" name="test_install_no_matches_shows_helpful_error" time="0.081" /><testcase classname="tests.unit.cli.test_install_patterns" name="test_install_with_cursor_format" time="2.715" /><testcase classname="tests.unit.cli.test_install_patterns" name="test_install_exact_name_pattern" time="0.288" /><testcase classname="tests.unit.cli.test_install_patterns" name="test_install_with_cline_format" time="2.904" /><testcase classname="tests.unit.cli.test_cursor_hooks" name="test_set_active_cursor_calls_emit_sync" time="2.824" /><testcase classname="tests.unit.cli.test_install_patterns" name="test_install_requires_format_flag" time="0.021" /><testcase classname="tests.unit.cli.test_install_patterns" name="test_install_middleground_pattern" time="0.779" /><testcase classname="tests.integration.cli.test_cli_integration.TestUIFeedback" name="test_shows_active_marker_in_list@cli_integration" time="4.647" /><testcase classname="tests.unit.cli.test_install_patterns" name="test_install_single_wildcard_pattern" time="0.908" /><testcase classname="tests.unit.cli.test_install_patterns" name="test_install_deduplicates_recipes" time="1.371" /><testcase classname="tests.unit.cli.test_install_patterns" name="test_install_help_shows_pattern_examples" time="0.024" /><testcase classname="tests.unit.cli.test_list_patterns" name="test_list_single_pattern" time="0.572" /><testcase classname="tests.unit.cli.test_install_patterns" name="test_install_with_claude_format" time="2.993" /><testcase classname="tests.unit.cli.test_list_patterns" name="test_list_multiple_patterns" time="0.563" /><testcase classname="tests.unit.cli.test_install_patterns" name="test_install_question_mark_wildcard" time="0.101" /><testcase classname="tests.unit.cli.test_list_patterns" name="test_list_roles_only_with_pattern" time="0.520" /><testcase classname="tests.unit.cli.test_list_patterns" name="test_list_case_insensitive" time="0.516" /><testcase classname="tests.unit.cli.test_list_patterns" name="test_list_no_args_shows_all" time="0.579" /><testcase classname="tests.unit.cli.test_list_patterns" name="test_list_recipes_only_with_pattern" time="0.090" /><testcase classname="tests.unit.cli.test_list_patterns" name="test_list_middleground_pattern" time="0.572" /><testcase classname="tests.unit.cli.test_list_patterns" name="test_list_question_mark_wildcard" time="0.526" /><testcase classname="tests.unit.cli.test_install_patterns" name="test_install_character_class_wildcard" time="0.831" /><testcase classname="tests.unit.cli.test_list_patterns" name="test_list_character_class_wildcard" time="0.600" /><testcase classname="tests.unit.cli.test_list_patterns" name="test_list_deduplicates_results" time="0.646" /><testcase classname="tests.unit.cli.test_list_patterns" name="test_list_all_literal_becomes_wildcard" time="0.639" /><testcase classname="tests.unit.core.test_formatter" name="test_format_role_cursor_always_apply_kwarg" time="0.003" /><testcase classname="tests.unit.core.test_formatter.TestHumanize" name="test_single_word" time="0.001" /><testcase classname="tests.unit.core.test_formatter.TestBuildFrontmatter" name="test_basic_frontmatter" time="0.001" /><testcase classname="tests.unit.core.test_formatter.TestBuildFrontmatter" name="test_escapes_double_quotes" time="0.001" /><testcase classname="tests.unit.core.test_formatter.TestBuildFrontmatter" name="test_always_apply_defaults_true" time="0.001" /><testcase classname="tests.unit.core.test_formatter.TestBuildFrontmatter" name="test_always_apply_can_be_false" time="0.001" /><testcase classname="tests.unit.core.test_formatter.TestBuildFrontmatter" name="test_is_valid_yaml" time="0.001" /><testcase classname="tests.unit.core.test_formatter.TestBuildFrontmatter" name="test_does_not_contain_globs" time="0.001" /><testcase classname="tests.unit.core.test_formatter.TestBuildFrontmatter" name="test_has_exactly_two_fields" time="0.001" /><testcase classname="tests.unit.core.test_formatter.TestBuildFrontmatter" name="test_em_dash_in_description" time="0.001" /><testcase classname="tests.unit.core.test_formatter.TestBuildFrontmatter" name="test_colon_in_description" time="0.001" /><testcase classname="tests.unit.core.test_formatter.TestBuildFrontmatter" name="test_single_quotes_in_description" time="0.002" /><testcase classname="tests.unit.core.test_formatter.TestBuildFrontmatter" name="test_long_description" time="0.004" /><testcase classname="tests.unit.core.test_formatter.TestBuildFrontmatter" name="test_starts_and_ends_with_fences" time="0.001" /><testcase classname="tests.unit.core.test_formatter.TestReplaceCursorFrontmatter" name="test_prepends_frontmatter_when_body_has_no_fence" time="0.001" /><testcase classname="tests.unit.core.test_formatter.TestReplaceCursorFrontmatter" name="test_replaces_existing_frontmatter" time="0.001" /><testcase classname="tests.unit.core.test_formatter.TestReplaceCursorFrontmatter" name="test_opening_fence_without_closing_prepends_new_frontmatter" time="0.001" /><testcase classname="tests.unit.core.test_formatter.TestBuildCursorBaselineMarkdown" name="test_baseline_references_operating_contract_and_active_file" time="0.001" /><testcase classname="tests.unit.core.test_formatter.TestBuildCursorRouterMarkdown" name="test_empty_recipe_rows_still_has_header_and_always_apply_false" time="0.001" /><testcase classname="tests.unit.core.test_formatter.TestBuildCursorRouterMarkdown" name="test_router_warns_on_boundaries_violation_redirect" time="0.001" /><testcase classname="tests.unit.core.test_formatter.TestBuildCursorRouterMarkdown" name="test_includes_recipe_sections_and_activation_phrases" time="0.001" /><testcase classname="tests.unit.core.test_formatter.TestCursorFormat" name="test_includes_frontmatter" time="0.001" /><testcase classname="tests.unit.core.test_formatter.TestCursorFormat" name="test_frontmatter_before_title" time="0.001" /><testcase classname="tests.unit.core.test_formatter.TestCursorFormat" name="test_no_frontmatter_without_description" time="0.001" /><testcase classname="tests.unit.core.test_formatter.TestCursorFormat" name="test_no_frontmatter_with_whitespace_only_description" time="0.001" /><testcase classname="tests.unit.core.test_formatter.TestCursorFormat" name="test_frontmatter_is_parseable_yaml" time="0.002" /><testcase classname="tests.unit.core.test_formatter.TestCursorFormat" name="test_frontmatter_description_matches_recipe_description" time="0.001" /><testcase classname="tests.unit.core.test_formatter.TestCursorFormat" name="test_frontmatter_does_not_include_globs" time="0.001" /><testcase classname="tests.unit.core.test_formatter.TestCursorFormat" name="test_includes_title" time="0.001" /><testcase classname="tests.unit.core.test_formatter.TestCursorFormat" name="test_includes_operating_contract_and_recipe_anchor" time="0.001" /><testcase classname="tests.unit.core.test_formatter.TestCursorFormat" name="test_model_blockquote_before_main_title" time="0.001" /><testcase classname="tests.unit.core.test_formatter.TestCursorFormat" name="test_includes_responsibilities" time="0.001" /><testcase classname="tests.unit.core.test_formatter.TestCursorFormat" name="test_includes_boundaries" time="0.001" /><testcase classname="tests.unit.core.test_formatter.TestCursorFormat" name="test_includes_guidelines" time="0.001" /><testcase classname="tests.unit.core.test_formatter.TestCursorFormat" name="test_includes_tools" time="0.001" /><testcase classname="tests.unit.core.test_formatter.TestCursorFormat" name="test_includes_tone" time="0.001" /><testcase classname="tests.unit.core.test_formatter.TestCursorFormat" name="test_includes_examples" time="0.001" /><testcase classname="tests.unit.core.test_formatter.TestCursorFormat" name="test_includes_source_roles" time="0.001" /><testcase classname="tests.unit.core.test_formatter.TestCursorFormat" name="test_handles_minimal_role" time="0.001" /><testcase classname="tests.unit.core.test_formatter.TestCopilotFormat" name="test_includes_title" time="0.002" /><testcase classname="tests.unit.core.test_formatter.TestCopilotFormat" name="test_uses_you_should_heading" time="0.001" /><testcase classname="tests.unit.core.test_formatter.TestCopilotFormat" name="test_uses_you_should_not_heading" time="0.001" /><testcase classname="tests.unit.cli.test_list_patterns" name="test_list_help_shows_pattern_info" time="0.021" /><testcase classname="tests.unit.core.test_formatter.TestCopilotFormat" name="test_includes_preferred_tools" time="0.001" /><testcase classname="tests.unit.core.test_formatter.TestCopilotFormat" name="test_no_frontmatter_in_copilot" time="0.002" /><testcase classname="tests.unit.core.test_formatter.TestClaudeFormat" name="test_uses_markdown_structure" time="0.001" /><testcase classname="tests.unit.core.test_formatter.TestClaudeFormat" name="test_includes_responsibilities_markdown" time="0.001" /><testcase classname="tests.unit.core.test_formatter.TestClaudeFormat" name="test_includes_boundaries_markdown" time="0.001" /><testcase classname="tests.unit.core.test_formatter.TestClaudeFormat" name="test_includes_guidelines_markdown" time="0.001" /><testcase classname="tests.unit.core.test_formatter.TestClaudeFormat" name="test_includes_tools_markdown" time="0.001" /><testcase classname="tests.unit.core.test_formatter.TestCopilotFormat" name="test_handles_minimal_role" time="0.003" /><testcase classname="tests.unit.core.test_formatter.TestClaudeFormat" name="test_includes_tone_markdown" time="0.001" /><testcase classname="tests.unit.core.test_formatter.TestClaudeFormat" name="test_handles_minimal_role" time="0.001" /><testcase classname="tests.unit.core.test_formatter.TestClaudeFormat" name="test_includes_examples_markdown" time="0.001" /><testcase classname="tests.unit.core.test_formatter.TestToolWhenField" name="test_cursor_renders_when" time="0.002" /><testcase classname="tests.unit.core.test_formatter.TestClaudeFormat" name="test_no_frontmatter_in_claude" time="0.001" /><testcase classname="tests.unit.core.test_formatter.TestToolWhenField" name="test_cursor_omits_when_if_absent" time="0.002" /><testcase classname="tests.unit.core.test_formatter.TestToolWhenField" name="test_copilot_renders_when" time="0.001" /><testcase classname="tests.unit.core.test_formatter.TestToolWhenField" name="test_claude_omits_when_if_absent" time="0.002" /><testcase classname="tests.unit.core.test_formatter.TestToolWhenField" name="test_claude_renders_when_as_markdown" time="0.001" /><testcase classname="tests.unit.core.test_formatter.TestModelRecommendation" name="test_cursor_shows_rationale" time="0.001" /><testcase classname="tests.unit.core.test_formatter.TestModelRecommendation" name="test_cursor_shows_recommendation" time="0.001" /><testcase classname="tests.unit.core.test_formatter.TestModelRecommendation" name="test_cursor_shows_surfacing_instruction" time="0.001" /><testcase classname="tests.unit.core.test_formatter.TestModelRecommendation" name="test_copilot_shows_recommendation" time="0.002" /><testcase classname="tests.unit.core.test_formatter.TestModelRecommendation" name="test_copilot_shows_surfacing_instruction" time="0.002" /><testcase classname="tests.unit.core.test_formatter.TestModelRecommendation" name="test_claude_shows_recommendation_markdown" time="0.002" /><testcase classname="tests.unit.core.test_formatter.TestModelRecommendation" name="test_claude_shows_surfacing_instruction" time="0.001" /><testcase classname="tests.unit.core.test_formatter.TestModelRecommendation" name="test_no_recommendation_when_absent" time="0.001" /><testcase classname="tests.unit.core.test_formatter.TestModelRecommendation" name="test_fast_tier_no_thinking_label" time="0.001" /><testcase classname="tests.unit.core.test_formatter.TestModelRecommendation" name="test_advanced_tier_extended_thinking_label" time="0.001" /><testcase classname="tests.unit.core.test_formatter.TestVerificationSection" name="test_cursor_renders_verification_heading" time="0.001" /><testcase classname="tests.unit.core.test_formatter.TestVerificationSection" name="test_cursor_renders_command_check" time="0.001" /><testcase classname="tests.unit.core.test_formatter.TestVerificationSection" name="test_copilot_renders_verification" time="0.001" /><testcase classname="tests.unit.core.test_formatter.TestVerificationSection" name="test_cursor_renders_self_assess_check" time="0.001" /><testcase classname="tests.unit.core.test_formatter.TestVerificationSection" name="test_cline_renders_verification" time="0.001" /><testcase classname="tests.unit.core.test_formatter.TestVerificationSection" name="test_claude_renders_verification_markdown" time="0.001" /><testcase classname="tests.unit.core.test_formatter.TestVerificationSection" name="test_no_verification_when_absent" time="0.001" /><testcase classname="tests.unit.core.test_formatter.TestVerificationSection" name="test_claude_self_assess_markdown" time="0.001" /><testcase classname="tests.unit.core.test_formatter.TestComplianceFooter" name="test_cursor_compliance_after_verification" time="0.001" /><testcase classname="tests.unit.core.test_formatter.TestComplianceFooter" name="test_cursor_has_compliance_section" time="0.001" /><testcase classname="tests.unit.core.test_formatter.TestHumanize" name="test_hyphens_to_title" time="0.003" /><testcase classname="tests.unit.core.test_formatter.TestComplianceFooter" name="test_cursor_compliance_instruction_content" time="0.001" /><testcase classname="tests.unit.core.test_formatter.TestComplianceFooter" name="test_copilot_has_compliance_section" time="0.001" /><testcase classname="tests.unit.core.test_formatter.TestComplianceFooter" name="test_cline_has_compliance_section" time="0.002" /><testcase classname="tests.unit.core.test_formatter.TestComplianceFooter" name="test_claude_has_compliance_section" time="0.001" /><testcase classname="tests.unit.core.test_formatter.TestComplianceFooter" name="test_minimal_role_still_has_compliance" time="0.001" /><testcase classname="tests.unit.core.test_formatter.TestGetFormatter" name="test_returns_cursor_formatter" time="0.001" /><testcase classname="tests.unit.core.test_formatter.TestGetFormatter" name="test_returns_copilot_formatter" time="0.001" /><testcase classname="tests.unit.core.test_formatter.TestComplianceFooter" name="test_compliance_is_last_section_cursor" time="0.001" /><testcase classname="tests.unit.core.test_formatter.TestGetFormatter" name="test_returns_claude_formatter" time="0.001" /><testcase classname="tests.unit.core.test_formatter.TestGetFormatter" name="test_unknown_format_raises" time="0.001" /><testcase classname="tests.unit.core.test_formatter.TestGetFormatter" name="test_returns_cline_formatter" time="0.001" /><testcase classname="tests.unit.core.test_formatter.TestFormatRole" name="test_cline_matches_copilot_markdown" time="0.002" /><testcase classname="tests.unit.core.test_formatter.TestFormatRole" name="test_dispatches_to_correct_formatter" time="0.002" /><testcase classname="tests.unit.core.test_loader.TestLoadYaml" name="test_load_valid_yaml" time="0.010" /><testcase classname="tests.unit.core.test_loader.TestLoadYaml" name="test_load_non_mapping_raises" time="0.006" /><testcase classname="tests.unit.core.test_loader.TestLoadYaml" name="test_load_invalid_yaml_raises" time="0.007" /><testcase classname="tests.unit.core.test_loader.TestLoadYaml" name="test_load_missing_file_raises" time="0.006" /><testcase classname="tests.unit.core.test_loader.TestResolveRolePath" name="test_full_path_with_slashes" time="0.008" /><testcase classname="tests.unit.core.test_loader.TestResolveRolePath" name="test_language_specific_path" time="0.009" /><testcase classname="tests.unit.core.test_loader.TestResolveRolePath" name="test_short_name_resolves_to_mixins" time="0.007" /><testcase classname="tests.unit.core.test_loader.TestResolveRolePath" name="test_short_name_no_slashes" time="0.007" /><testcase classname="tests.unit.core.test_loader.TestLoadRole" name="test_load_valid_role" time="0.042" /><testcase classname="tests.unit.core.test_loader.TestLoadRole" name="test_load_mixin_by_short_name" time="0.043" /><testcase classname="tests.unit.core.test_loader.TestLoadRole" name="test_load_role_missing_name_raises" time="0.012" /><testcase classname="tests.unit.core.test_loader.TestLoadRole" name="test_load_missing_role_raises" time="0.044" /><testcase classname="tests.unit.core.test_loader.TestLoadRole" name="test_load_role_missing_responsibilities_raises" time="0.013" /><testcase classname="tests.unit.core.test_loader.TestLoadRecipe" name="test_load_by_name" time="0.045" /><testcase classname="tests.unit.core.test_loader.TestLoadRecipe" name="test_load_by_path" time="0.042" /><testcase classname="tests.unit.core.test_loader.TestLoadRecipe" name="test_load_missing_recipe_raises" time="0.039" /><testcase classname="tests.unit.core.test_loader.TestLoadRecipe" name="test_load_recipe_missing_compose_raises" time="0.010" /><testcase classname="tests.unit.core.test_loader.TestLoadRecipeRoles" name="test_loads_compose_and_mixin_roles" time="0.048" /><testcase classname="tests.unit.core.test_loader.TestLoadRecipeRoles" name="test_recipe_with_no_mixins" time="0.044" /><testcase classname="tests.unit.core.test_loader.TestLoadRecipeRoles" name="test_missing_compose_role_raises" time="0.038" /><testcase classname="tests.unit.core.test_loader.TestLoadMergeConfig" name="test_loads_config" time="0.045" /><testcase classname="tests.unit.core.test_loader.TestListRoles" name="test_role_entries_have_required_fields" time="0.071" /><testcase classname="tests.unit.core.test_loader.TestListRoles" name="test_lists_all_roles" time="0.074" /><testcase classname="tests.unit.core.test_formatter.TestHumanize" name="test_underscores_to_title" time="0.003" /><testcase classname="tests.unit.core.test_merge_config" name="test_parse_field_strategies_yaml_overrides_default" time="0.001" /><testcase classname="tests.unit.core.test_merge_config" name="test_parse_field_strategies_union_by_key_custom_field" time="0.001" /><testcase classname="tests.unit.core.test_merge_config" name="test_merge_roles_respects_yaml_union_by_key_field_name" time="0.001" /><testcase classname="tests.unit.core.test_merger.TestMergeUnion" name="test_combines_unique_items" time="0.002" /><testcase classname="tests.unit.core.test_merger.TestMergeUnion" name="test_deduplicates_exact_matches" time="0.002" /><testcase classname="tests.unit.core.test_loader.TestListRecipes" name="test_activation_phrases_on_real_recipe" time="0.073" /><testcase classname="tests.unit.core.test_merger.TestMergeUnion" name="test_preserves_first_occurrence_order" time="0.001" /><testcase classname="tests.unit.core.test_merger.TestMergeUnionDedup" name="test_same_as_union_for_exact_matches" time="0.001" /><testcase classname="tests.unit.core.test_merger.TestMergeUnionByKey" name="test_deduplicates_by_key" time="0.001" /><testcase classname="tests.unit.core.test_loader.TestListRecipes" name="test_recipe_entries_have_required_fields" time="0.049" /><testcase classname="tests.unit.core.test_merger.TestMergeUnionByKey" name="test_first_wins_on_key_collision" time="0.001" /><testcase classname="tests.unit.core.test_merger.TestMergeUnionByKey" name="test_handles_missing_field" time="0.001" /><testcase classname="tests.unit.core.test_merge_config" name="test_repo_merge_config_includes_verification_strategy" time="0.015" /><testcase classname="tests.unit.core.test_merger.TestMergeAppend" name="test_keeps_all_including_duplicates" time="0.001" /><testcase classname="tests.unit.core.test_merger.TestMergePriority" name="test_first_non_none_wins" time="0.001" /><testcase classname="tests.unit.core.test_merger.TestMergePriority" name="test_skips_missing_fields" time="0.001" /><testcase classname="tests.unit.core.test_merger.TestMergePriority" name="test_returns_none_when_all_missing" time="0.001" /><testcase classname="tests.unit.core.test_merger.TestMergePriority" name="test_skips_none_values" time="0.001" /><testcase classname="tests.unit.core.test_loader.TestListRecipes" name="test_lists_all_recipes" time="0.048" /><testcase classname="tests.unit.core.test_merger.TestMergeAppend" name="test_handles_missing_field" time="0.001" /><testcase classname="tests.unit.core.test_merger.TestDeepMerge" name="test_merges_flat_dicts" time="0.001" /><testcase classname="tests.unit.core.test_merger.TestDeepMerge" name="test_later_values_override" time="0.001" /><testcase classname="tests.unit.core.test_merger.TestDeepMerge" name="test_recursive_merge" time="0.001" /><testcase classname="tests.unit.core.test_merger.TestMergeUnion" name="test_handles_missing_field" time="0.001" /><testcase classname="tests.unit.core.test_merger.TestDeepMerge" name="test_does_not_mutate_original" time="0.001" /><testcase classname="tests.unit.core.test_merger.TestDeepMerge" name="test_merge_deep_across_roles" time="0.001" /><testcase classname="tests.unit.core.test_merger.TestMergeRoles" name="test_deduplicates_shared_guidelines" time="0.001" /><testcase classname="tests.unit.core.test_merger.TestMergeRoles" name="test_merges_all_field_types" time="0.002" /><testcase classname="tests.unit.core.test_merger.TestMergeMixins" name="test_mixins_do_not_override_tone" time="0.001" /><testcase classname="tests.unit.core.test_merger.TestMergeMixins" name="test_mixins_do_not_override_output_format" time="0.002" /><testcase classname="tests.unit.core.test_merger.TestApplyOverrides" name="test_overrides_existing_field" time="0.001" /><testcase classname="tests.unit.core.test_merger.TestMergeMixins" name="test_mixins_add_responsibilities" time="0.002" /><testcase classname="tests.unit.core.test_merger.TestApplyOverrides" name="test_adds_new_field" time="0.001" /><testcase classname="tests.unit.core.test_merger.TestDetectConflicts" name="test_detects_responsibility_contradiction" time="0.001" /><testcase classname="tests.unit.core.test_merger.TestApplyOverrides" name="test_does_not_mutate_original" time="0.001" /><testcase classname="tests.unit.core.test_merger.TestDetectConflicts" name="test_no_contradiction_passes" time="0.001" /><testcase classname="tests.unit.core.test_merger.TestDetectConflicts" name="test_detects_mutually_exclusive_tools" time="0.001" /><testcase classname="tests.unit.core.test_merger.TestDetectConflicts" name="test_non_conflicting_tools_pass" time="0.001" /><testcase classname="tests.unit.core.test_merger.TestDetectConflicts" name="test_uses_merge_config_for_known_conflicts" time="0.001" /><testcase classname="tests.unit.core.test_merger.TestDetectConflicts" name="test_empty_composed_no_errors" time="0.001" /><testcase classname="tests.unit.core.test_merger.TestComposeRecipe" name="test_full_composition" time="0.002" /><testcase classname="tests.unit.core.test_merger.TestComposeRecipe" name="test_composition_with_overrides" time="0.001" /><testcase classname="tests.unit.core.test_merger.TestComposeRecipe" name="test_records_source_roles" time="0.002" /><testcase classname="tests.unit.core.test_merger.TestComposeRecipe" name="test_includes_model_recommendation" time="0.001" /><testcase classname="tests.unit.core.test_merger.TestMergeUnion" name="test_empty_roles" time="0.001" /><testcase classname="tests.unit.core.test_merger.TestComposeRecipe" name="test_recipe_model_override" time="0.001" /><testcase classname="tests.unit.core.test_merger.TestAggregateModelRequirements" name="test_takes_max_tier" time="0.001" /><testcase classname="tests.unit.core.test_merger.TestAggregateModelRequirements" name="test_defaults_to_fast_none" time="0.001" /><testcase classname="tests.unit.core.test_merger.TestAggregateModelRequirements" name="test_composition_bonus_bumps_tier_at_30_guidelines" time="0.001" /><testcase classname="tests.unit.core.test_merger.TestAggregateModelRequirements" name="test_no_composition_bonus_under_30_guidelines" time="0.001" /><testcase classname="tests.unit.core.test_merger.TestAggregateModelRequirements" name="test_takes_max_reasoning" time="0.001" /><testcase classname="tests.unit.core.test_merger.TestAggregateModelRequirements" name="test_composition_bonus_bumps_reasoning_at_50_guidelines" time="0.001" /><testcase classname="tests.unit.core.test_merger.TestAggregateModelRequirements" name="test_rationale_mentions_role_count" time="0.001" /><testcase classname="tests.unit.core.test_merger.TestAggregateModelRequirements" name="test_recipe_override_wins" time="0.002" /><testcase classname="tests.unit.core.test_merger.TestAggregateModelRequirements" name="test_rationale_mentions_tier_driver" time="0.001" /><testcase classname="tests.unit.core.test_merger.TestAggregateModelRequirements" name="test_advanced_tier_beats_standard" time="0.001" /><testcase classname="tests.unit.core.test_merger.TestVerificationMerge" name="test_handles_checks_without_command" time="0.001" /><testcase classname="tests.unit.core.test_merger.TestVerificationMerge" name="test_combines_different_checks" time="0.001" /><testcase classname="tests.unit.core.test_merger.TestVerificationMerge" name="test_verification_in_compose_recipe" time="0.002" /><testcase classname="tests.unit.core.test_merger.TestVerificationMerge" name="test_deduplicates_by_check_key" time="0.001" /><testcase classname="tests.unit.core.test_output_formats" name="test_unknown_format_raises" time="0.001" /><testcase classname="tests.unit.core.test_output_formats" name="test_format_names_align_with_registry" time="0.001" /><testcase classname="tests.unit.core.test_output_formats" name="test_iter_specs_covers_all_names" time="0.001" /><testcase classname="tests.unit.core.test_output_formats" name="test_each_spec_has_install_dir_and_formatter" time="0.001" /><testcase classname="tests.unit.core.test_output_formats" name="test_cli_format_choices_match_registry" time="0.953" /><testcase classname="tests.unit.core.test_system_roles.TestLoadSystemRole" name="test_load_baseline_returns_dict" time="0.010" /><testcase classname="tests.unit.core.test_system_roles.TestLoadSystemRole" name="test_load_baseline_has_postflight_section" time="0.010" /><testcase classname="tests.unit.core.test_system_roles.TestLoadSystemRole" name="test_load_baseline_has_preflight_section" time="0.011" /><testcase classname="tests.unit.core.test_system_roles.TestLoadSystemRole" name="test_load_router_has_mismatch_detection" time="0.010" /><testcase classname="tests.unit.core.test_system_roles.TestLoadSystemRole" name="test_load_missing_system_role_raises_load_error" time="0.006" /><testcase classname="tests.unit.core.test_system_roles.TestLoadSystemRole" name="test_load_system_role_constructs_correct_path" time="0.012" /><testcase classname="tests.unit.core.test_system_roles.TestLoadSystemRole" name="test_load_baseline_has_rules_section" time="0.014" /><testcase classname="tests.unit.core.test_system_roles.TestLoadSystemRole" name="test_load_baseline_has_alignment_examples" time="0.017" /><testcase classname="tests.unit.core.test_system_roles.TestLoadSystemRole" name="test_load_router_has_switching_guidance" time="0.010" /><testcase classname="tests.unit.core.test_system_roles.TestFormatBaselineForCursor" name="test_produces_markdown_with_frontmatter" time="0.012" /><testcase classname="tests.unit.core.test_system_roles.TestLoadSystemRole" name="test_load_system_role_with_invalid_yaml_raises_error" time="0.013" /><testcase classname="tests.unit.core.test_system_roles.TestLoadSystemRole" name="test_load_system_role_returns_dict_not_list" time="0.015" /><testcase classname="tests.unit.core.test_system_roles.TestFormatBaselineForCursor" name="test_includes_baseline_title" time="0.011" /><testcase classname="tests.unit.core.test_system_roles.TestFormatBaselineForCursor" name="test_includes_preflight_checklist" time="0.011" /><testcase classname="tests.unit.core.test_system_roles.TestFormatBaselineForCursor" name="test_includes_work_alignment_examples" time="0.012" /><testcase classname="tests.unit.core.test_system_roles.TestFormatBaselineForCursor" name="test_includes_cross_cutting_rules" time="0.011" /><testcase classname="tests.unit.core.test_system_roles.TestFormatBaselineForCursor" name="test_handles_minimal_baseline" time="0.011" /><testcase classname="tests.unit.core.test_system_roles.TestFormatBaselineForCursor" name="test_includes_postflight_checklist" time="0.014" /><testcase classname="tests.unit.core.test_system_roles.TestFormatBaselineForCursor" name="test_cursor_format_omits_host_product" time="0.015" /><testcase classname="tests.unit.core.test_system_roles.TestFormatBaselineForCursor" name="test_includes_format_specific_notes_for_cursor" time="0.015" /><testcase classname="tests.unit.core.test_system_roles.TestFormatBaselineForCursor" name="test_preflight_model_recommendation_formatted_correctly" time="0.012" /><testcase classname="tests.unit.core.test_system_roles.TestFormatBaselineForCursor" name="test_work_alignment_check_includes_actions" time="0.011" /><testcase classname="tests.unit.core.test_system_roles.TestFormatBaselineForCursor" name="test_cross_cutting_rules_numbered" time="0.015" /><testcase classname="tests.unit.core.test_system_roles.TestFormatBaselineForPlain" name="test_produces_markdown_without_frontmatter" time="0.013" /><testcase classname="tests.unit.core.test_system_roles.TestFormatBaselineForPlain" name="test_copilot_uses_correct_host_product" time="0.016" /><testcase classname="tests.unit.cli.test_list_patterns" name="test_list_all_wildcard" time="0.776" /><testcase classname="tests.unit.core.test_system_roles.TestFormatBaselineForPlain" name="test_claude_uses_correct_paths" time="0.010" /><testcase classname="tests.unit.core.test_system_roles.TestFormatBaselineForPlain" name="test_includes_mandatory_preflight_checklist" time="0.012" /><testcase classname="tests.unit.core.test_system_roles.TestFormatBaselineForPlain" name="test_includes_mandatory_postflight_checklist" time="0.013" /><testcase classname="tests.unit.core.test_system_roles.TestFormatBaselineForPlain" name="test_custom_context_overrides_defaults" time="0.017" /><testcase classname="tests.unit.core.test_system_roles.TestFormatBaselineForPlain" name="test_includes_example_opening_line" time="0.011" /><testcase classname="tests.unit.core.test_system_roles.TestFormatBaselineForPlain" name="test_skip_recommendation_note_present" time="0.016" /><testcase classname="tests.unit.core.test_system_roles.TestFormatBaselineForPlain" name="test_rules_formatted_with_bold_headings" time="0.010" /><testcase classname="tests.unit.core.test_system_roles.TestFormatBaselineForPlain" name="test_handles_missing_format_notes_gracefully" time="0.010" /><testcase classname="tests.unit.core.test_system_roles.TestFormatRouterForCursor" name="test_produces_markdown_with_frontmatter_always_apply_false" time="0.007" /><testcase classname="tests.unit.core.test_system_roles.TestFormatRouterForCursor" name="test_empty_recipe_list_produces_valid_output" time="0.007" /><testcase classname="tests.unit.core.test_system_roles.TestFormatRouterForCursor" name="test_includes_mismatch_detection_section" time="0.007" /><testcase classname="tests.unit.core.test_system_roles.TestFormatRouterForCursor" name="test_renders_recipe_with_activation_phrases" time="0.011" /><testcase classname="tests.unit.core.test_system_roles.TestFormatRouterForCursor" name="test_shows_both_cli_commands" time="0.008" /><testcase classname="tests.unit.core.test_system_roles.TestFormatRouterForCursor" name="test_includes_switching_guidance_section" time="0.008" /><testcase classname="tests.unit.core.test_system_roles.TestFormatRouterForCursor" name="test_recipes_sorted_by_name" time="0.007" /><testcase classname="tests.unit.core.test_system_roles.TestFormatRouterForCursor" name="test_includes_boundary_violations_note" time="0.007" /><testcase classname="tests.unit.core.test_system_roles.TestFormatRouterForCursor" name="test_recipe_without_activation_phrases_handled" time="0.007" /><testcase classname="tests.unit.core.test_system_roles.TestFormatRouterForCursor" name="test_humanizes_recipe_names_for_titles" time="0.010" /><testcase classname="tests.unit.core.test_system_roles.TestFormatRouterForPlain" name="test_produces_markdown_without_frontmatter" time="0.011" /><testcase classname="tests.unit.core.test_system_roles.TestFormatRouterForPlain" name="test_includes_recipe_index_with_set_active_commands" time="0.011" /><testcase classname="tests.unit.core.test_system_roles.TestFormatRouterForPlain" name="test_set_active_commands_format_specific" time="0.010" /><testcase classname="tests.unit.core.test_system_roles.TestFormatRouterForPlain" name="test_uses_custom_cache_glob_in_header" time="0.011" /><testcase classname="tests.unit.core.test_system_roles.TestFormatRouterForPlain" name="test_uses_custom_active_filename" time="0.010" /><testcase classname="tests.unit.core.test_system_roles.TestFormatRouterForPlain" name="test_includes_mismatch_detection_warning" time="0.011" /><testcase classname="tests.unit.core.test_system_roles.TestFormatRouterForPlain" name="test_handles_recipe_without_description" time="0.010" /><testcase classname="tests.unit.core.test_system_roles.TestFormatRouterForPlain" name="test_recipe_summary_and_label_included" time="0.012" /><testcase classname="tests.unit.core.test_system_roles.TestSystemRoleIntegration" name="test_all_formats_can_load_and_format_baseline" time="0.018" /><testcase classname="tests.unit.core.test_system_roles.TestSystemRoleIntegration" name="test_baseline_and_router_both_exist_in_real_project" time="0.002" /><testcase classname="tests.unit.core.test_system_roles.TestSystemRoleIntegration" name="test_all_formats_can_load_and_format_router" time="0.011" /><testcase classname="tests.unit.core.test_system_roles.TestSystemRoleIntegration" name="test_router_outputs_are_different_per_format" time="0.011" /><testcase classname="tests.unit.core.test_system_roles.TestSystemRoleIntegration" name="test_baseline_outputs_are_different_per_format" time="0.017" /><testcase classname="tests.unit.core.test_system_roles.TestSystemRoleIntegration" name="test_system_roles_have_consistent_version_format" time="0.028" /><testcase classname="tests.unit.core.test_system_roles.TestSystemRoleIntegration" name="test_formatted_output_contains_no_template_placeholders" time="0.028" /><testcase classname="tests.unit.core.test_system_roles.TestSystemRoleIntegration" name="test_all_format_functions_produce_valid_markdown" time="0.028" /><testcase classname="tests.unit.core.test_validator_duplicates" name="test_duplicate_tool_name_errors_finds_case_insensitive_dup" time="0.002" /><testcase classname="tests.unit.core.test_validator_duplicates" name="test_duplicate_tool_name_errors_allows_distinct_names" time="0.002" /><testcase classname="tests.unit.core.test_validator_duplicates" name="test_real_project_roles_have_no_duplicate_tools" time="0.759" /><testcase classname="tests.unit.core.test_validator_duplicates" name="test_validate_all_reports_duplicates_on_role_file" time="0.027" /><testcase classname="tests.unit.core.test_validator_duplicates" name="test_duplicate_tool_name_errors_ignores_missing_tools" time="0.001" /><testcase classname="tests.unit.discovery.test_bundled_recipes.TestBundledRecipeDiscovery" name="test_installed_package_mode" time="0.018" /><testcase classname="tests.unit.discovery.test_bundled_recipes.TestBundledRecipeDiscovery" name="test_env_override_takes_precedence" time="0.013" /><testcase classname="tests.unit.discovery.test_bundled_recipes.TestBundledRecipeDiscovery" name="test_returns_repo_root_by_default" time="0.008" /><testcase classname="tests.unit.discovery.test_bundled_recipes.TestBundledRecipeDiscovery" name="test_env_override_with_relative_path" time="0.012" /><testcase classname="tests.unit.discovery.test_bundled_recipes.TestBundledRecipeDiscovery" name="test_env_override_empty_string_ignored" time="0.016" /><testcase classname="tests.unit.layouts.test_copilot_install" name="test_publish_copies_skill_dirs" time="0.051" /><testcase classname="tests.unit.layouts.test_copilot_install" name="test_publish_empty_when_no_skills_dir" time="0.017" /><testcase classname="tests.unit.layouts.test_copilot_install" name="test_publish_overwrites_previous_skill_content" time="0.067" /><testcase classname="tests.unit.layouts.test_copilot_install" name="test_publish_respects_skip_env" time="0.009" /><testcase classname="tests.unit.layouts.test_copilot_install" name="test_publish_returns_empty_when_no_copilot_extension" time="0.013" /><testcase classname="tests.unit.layouts.test_copilot_install" name="test_publish_uses_latest_copilot_version" time="0.046" /><testcase classname="tests.unit.layouts.test_copilot_install" name="test_publish_returns_empty_when_no_vscode_extensions_dir" time="0.009" /><testcase classname="tests.unit.layouts.test_cursor_install" name="test_publish_copies_skill_dirs" time="0.032" /><testcase classname="tests.unit.layouts.test_copilot_install" name="test_publish_returns_empty_when_extension_missing_assets_dir" time="0.032" /><testcase classname="tests.unit.layouts.test_cursor_install" name="test_publish_empty_when_no_skills_dir" time="0.013" /><testcase classname="tests.unit.layouts.test_cursor_install" name="test_publish_respects_skip_env" time="0.009" /><testcase classname="tests.unit.layouts.test_cursor_install" name="test_publish_overwrites_previous_skill_content" time="0.049" /><testcase classname="tests.unit.layouts.test_cursor_sync" name="test_build_merged_personal_context_includes_sections" time="0.017" /><testcase classname="tests.unit.layouts.test_cursor_sync" name="test_build_merged_includes_partial_install_when_some_files_missing" time="0.012" /><testcase classname="tests.unit.layouts.test_cursor_sync" name="test_write_personal_context_to_cursor_db_missing_file_returns_error" time="0.006" /><testcase classname="tests.unit.layouts.test_cursor_sync" name="test_build_merged_returns_none_when_no_rule_files" time="0.010" /><testcase classname="tests.unit.layouts.test_cursor_sync" name="test_write_personal_context_to_cursor_db_roundtrip" time="0.092" /><testcase classname="tests.unit.layouts.test_cursor_sync" name="test_maybe_sync_skips_when_not_home" time="0.108" /><testcase classname="tests.unit.layouts.test_cursor_sync" name="test_maybe_sync_skipped_by_env" time="0.007" /><testcase classname="tests.unit.layouts.test_cursor_sync" name="test_cursor_global_state_vscdb_path_linux_uses_xdg_config" time="0.007"><skipped type="pytest.skip" message="Linux-oriented path check">C:\Code\personetta\tests\unit\layouts\test_cursor_sync.py:132: Linux-oriented path check</skipped></testcase><testcase classname="tests.unit.layouts.test_cursor_sync" name="test_maybe_sync_home_writes_db_when_paths_aligned" time="0.046" /><testcase classname="tests.unit.layouts.test_cursor_sync" name="test_cursor_global_state_vscdb_path_windows_has_cursor_suffix" time="0.004" /><testcase classname="tests.unit.layouts.test_installer_paths.TestResolveTarget" name="test_global_keyword_returns_home" time="0.002" /><testcase classname="tests.unit.layouts.test_installer_paths.TestResolveTarget" name="test_global_with_extra_args_raises_error" time="0.001" /><testcase classname="tests.unit.layouts.test_installer_paths.TestResolveTarget" name="test_project_keyword_without_path_returns_cwd" time="0.001" /><testcase classname="tests.integration.cli.test_cli_integration.TestUIFeedback" name="test_shows_summary_count@cli_integration" time="4.602" /><testcase classname="tests.unit.layouts.test_installer_paths.TestResolveTarget" name="test_project_keyword_with_path_returns_that_path" time="0.019" /><testcase classname="tests.unit.layouts.test_installer_paths.TestResolveTarget" name="test_project_with_too_many_args_raises_error" time="0.002" /><testcase classname="tests.unit.layouts.test_cursor_sync" name="test_maybe_sync_home_fails_when_db_missing" time="0.017" /><testcase classname="tests.unit.layouts.test_installer_paths.TestResolveTarget" name="test_none_returns_cwd" time="0.001" /><testcase classname="tests.unit.layouts.test_installer_paths.TestGlobalRulesSource" name="test_cursor_returns_cursor_rules_path" time="0.005" /><testcase classname="tests.unit.layouts.test_installer_paths.TestResolveTarget" name="test_unknown_keyword_raises_error" time="0.001" /><testcase classname="tests.unit.layouts.test_installer_paths.TestGlobalRulesSource" name="test_copilot_returns_copilot_instructions_path" time="0.006" /><testcase classname="tests.unit.layouts.test_installer_paths.TestGlobalRulesSource" name="test_cline_returns_cline_rules_path" time="0.006" /><testcase classname="tests.unit.layouts.test_installer_paths.TestGlobalRulesSource" name="test_claude_returns_claude_rules_path" time="0.006" /><testcase classname="tests.unit.layouts.test_installer_paths.TestGlobalRulesInstallPath" name="test_all_formats_return_correct_path[cursor-.cursor/rules]" time="0.007" /><testcase classname="tests.unit.layouts.test_installer_paths.TestGlobalRulesInstallPath" name="test_all_formats_return_correct_path[copilot-.copilot/instructions]" time="0.006" /><testcase classname="tests.unit.layouts.test_installer_paths.TestGlobalRulesInstallPath" name="test_all_formats_return_correct_path[claude-.claude/rules]" time="0.007" /><testcase classname="tests.unit.layouts.test_installer_paths.TestGlobalRulesInstallPath" name="test_all_formats_return_correct_path[cline-Documents/Cline/Rules]" time="0.006" /><testcase classname="tests.unit.layouts.test_installer_registry" name="test_get_install_path_matches_spec_install_file[cursor]" time="0.007" /><testcase classname="tests.unit.layouts.test_installer_registry" name="test_get_install_path_matches_spec_install_file[copilot]" time="0.005" /><testcase classname="tests.unit.layouts.test_installer_registry" name="test_get_install_path_matches_spec_install_file[claude]" time="0.007" /><testcase classname="tests.unit.layouts.test_installer_registry" name="test_get_install_path_matches_spec_install_file[cline]" time="0.006" /><testcase classname="tests.unit.layouts.test_installer_registry" name="test_get_source_dir_matches_spec_install_dir[copilot]" time="0.006" /><testcase classname="tests.unit.layouts.test_installer_registry" name="test_get_source_dir_matches_spec_install_dir[cursor]" time="0.007" /><testcase classname="tests.unit.layouts.test_installer_registry" name="test_get_source_dir_matches_spec_install_dir[claude]" time="0.006" /><testcase classname="tests.unit.layouts.test_installer_registry" name="test_get_source_dir_matches_spec_install_dir[cline]" time="0.007" /><testcase classname="tests.unit.layouts.test_installer_registry" name="test_copilot_install_path_varies_by_recipe_name" time="0.006" /><testcase classname="tests.unit.layouts.test_installer_registry" name="test_install_output_writes_to_get_install_path[cursor]" time="0.071" /><testcase classname="tests.unit.core.test_system_roles.TestFormatBaselineForPlain" name="test_different_formats_use_correct_cache_paths" time="0.018" /><testcase classname="tests.unit.layouts.test_installer_registry" name="test_install_output_writes_to_get_install_path[copilot]" time="0.075" /><testcase classname="tests.unit.layouts.test_installer_registry" name="test_iter_specs_order_matches_format_names" time="0.003" /><testcase classname="tests.unit.layouts.test_multi_layout" name="test_cline_global_rules_dir_under_documents" time="0.005" /><testcase classname="tests.unit.core.test_system_roles.TestLoadSystemRole" name="test_load_router_returns_dict" time="0.010" /><testcase classname="tests.unit.layouts.test_multi_layout" name="test_set_active_copilot_requires_cache" time="0.042" /><testcase classname="tests.unit.layouts.test_installer_registry" name="test_install_output_writes_to_get_install_path[claude]" time="0.070" /><testcase classname="tests.unit.layouts.test_installer_registry" name="test_install_output_writes_to_get_install_path[cline]" time="0.071" /><testcase classname="tests.unit.layouts.test_multi_layout" name="test_install_all_claude_creates_rules_dir" time="0.107" /><testcase classname="tests.unit.layouts.test_multi_layout" name="test_set_active_claude_requires_cache" time="0.039" /><testcase classname="tests.unit.skills.test_catalog.TestRemoveCatalogEntry" name="test_remove_existing_entry" time="0.012" /><testcase classname="tests.unit.skills.test_catalog.TestRemoveCatalogEntry" name="test_remove_updates_timestamp" time="0.009" /><testcase classname="tests.unit.layouts.test_multi_layout" name="test_set_active_cline_requires_cache" time="0.043" /><testcase classname="tests.unit.skills.test_catalog.TestCleanOrphanedEntries" name="test_clean_removes_orphaned_entries" time="0.011" /><testcase classname="tests.unit.layouts.test_multi_layout" name="test_install_all_copilot_creates_instructions_dir" time="0.107" /><testcase classname="tests.unit.skills.test_catalog.TestRemoveCatalogEntry" name="test_remove_nonexistent_entry" time="0.012" /><testcase classname="tests.unit.skills.test_catalog.TestCleanOrphanedEntries" name="test_clean_with_no_orphans" time="0.010" /><testcase classname="tests.unit.discovery.test_bundled_recipes.TestBundledRecipeDiscovery" name="test_dev_mode_uses_repo_root" time="0.012" /><testcase classname="tests.unit.skills.test_catalog.TestCleanOrphanedEntries" name="test_clean_multiple_orphans" time="0.012" /><testcase classname="tests.unit.skills.test_catalog.TestRemoveSkillCommand" name="test_remove_skill_deletes_directory" time="0.017" /><testcase classname="tests.unit.skills.test_catalog.TestRemoveSkillCommand" name="test_remove_skill_with_confirmation_yes" time="0.015" /><testcase classname="tests.unit.skills.test_catalog.TestRemoveSkillCommand" name="test_remove_skill_with_confirmation_no" time="0.011" /><testcase classname="tests.unit.skills.test_catalog.TestRemoveSkillCommand" name="test_remove_nonexistent_skill" time="0.009" /><testcase classname="tests.unit.skills.test_catalog.TestCleanSkillsCommand" name="test_clean_skills_with_no_orphans" time="0.011" /><testcase classname="tests.unit.skills.test_catalog_management.TestRemoveSkillFromCatalog" name="test_remove_existing_skill" time="0.012" /><testcase classname="tests.unit.skills.test_catalog_management.TestRemoveSkillFromCatalog" name="test_remove_nonexistent_skill" time="0.009" /><testcase classname="tests.unit.layouts.test_multi_layout" name="test_install_all_cline_creates_global_rules" time="0.108" /><testcase classname="tests.unit.skills.test_catalog_management.TestRemoveSkillFromCatalog" name="test_remove_skill_missing_format" time="0.009" /><testcase classname="tests.unit.skills.test_catalog_management.TestRemoveSkillFromCatalog" name="test_remove_skill_empty_catalog" time="0.010" /><testcase classname="tests.unit.skills.test_catalog_management.TestRemoveSkillFromCatalog" name="test_remove_skill_no_catalog_file" time="0.007" /><testcase classname="tests.unit.skills.test_catalog_management.TestScanForOrphans" name="test_scan_finds_orphaned_directory" time="0.013" /><testcase classname="tests.unit.skills.test_catalog.TestRemoveCatalogEntry" name="test_remove_last_entry_keeps_format_key" time="0.012" /><testcase classname="tests.unit.skills.test_catalog_management.TestScanForOrphans" name="test_scan_finds_both_types_of_orphans" time="0.013" /><testcase classname="tests.unit.skills.test_catalog_management.TestScanForOrphans" name="test_scan_finds_orphaned_catalog_entry" time="0.013" /><testcase classname="tests.unit.skills.test_catalog_management.TestScanForOrphans" name="test_scan_skips_non_skill_directories" time="0.014" /><testcase classname="tests.unit.skills.test_catalog_management.TestScanForOrphans" name="test_scan_finds_no_orphans" time="0.015" /><testcase classname="tests.unit.skills.test_catalog_management.TestCleanOrphanedSkills" name="test_clean_removes_orphaned_directory" time="0.015" /><testcase classname="tests.unit.skills.test_catalog_management.TestCleanOrphanedSkills" name="test_clean_removes_orphaned_entry" time="0.017" /><testcase classname="tests.unit.skills.test_catalog_management.TestCleanOrphanedSkills" name="test_clean_with_no_orphans" time="0.012" /><testcase classname="tests.unit.skills.test_catalog_management.TestCleanOrphanedSkills" name="test_clean_removes_both_types" time="0.018" /><testcase classname="tests.unit.skills.test_composition.TestMultiPatternMatching" name="test_wildcard_pattern_matches_multiple" time="0.013" /><testcase classname="tests.unit.skills.test_composition.TestMultiPatternMatching" name="test_multiple_patterns_combine_results" time="0.012" /><testcase classname="tests.unit.skills.test_composition.TestMultiPatternMatching" name="test_no_pattern_match_returns_error" time="0.007" /><testcase classname="tests.unit.skills.test_composition.TestMultiRecipeSkillGenerator" name="test_generate_multi_creates_perspective_sections" time="0.031" /><testcase classname="tests.unit.skills.test_composition.TestMultiRecipeSkillGenerator" name="test_generate_multi_creates_separate_criteria_files" time="0.031" /><testcase classname="tests.unit.skills.test_composition.TestMultiRecipeSkillGenerator" name="test_generate_accepts_recipe_list" time="0.026" /><testcase classname="tests.unit.skills.test_composition.TestMultiRecipeSkillGenerator" name="test_generate_multi_combines_checklists" time="0.027" /><testcase classname="tests.unit.skills.test_catalog.TestCleanSkillsCommand" name="test_clean_skills_removes_orphans" time="0.018" /><testcase classname="tests.unit.skills.test_composition.TestMultiRecipeTemplates" name="test_multi_recipe_criteria_template" time="0.001" /><testcase classname="tests.unit.skills.test_composition.TestMultiRecipeIntegration" name="test_multi_recipe_skill_file_structure" time="0.013" /><testcase classname="tests.unit.skills.test_composition.TestMultiRecipeTemplates" name="test_multi_recipe_skill_md_template" time="0.002" /><testcase classname="tests.unit.skills.test_composition.TestMultiRecipeSkillGenerator" name="test_generate_multi_groups_checklist_by_recipe" time="0.027" /><testcase classname="tests.unit.skills.test_composition.TestMultiRecipeEdgeCases" name="test_multi_recipe_with_some_missing_guidelines" time="0.026" /><testcase classname="tests.unit.skills.test_composition.TestMultiRecipeIntegration" name="test_cmd_skill_with_multiple_patterns" time="0.426" /><testcase classname="tests.unit.skills.test_paths.TestSkillPathCopilot" name="test_copilot_workspace_path" time="0.005" /><testcase classname="tests.unit.skills.test_composition.TestMultiRecipeEdgeCases" name="test_multi_recipe_deduplicates_verification_items" time="0.030" /><testcase classname="tests.unit.skills.test_paths.TestSkillPathClaude" name="test_claude_workspace_path" time="0.006" /><testcase classname="tests.unit.skills.test_paths.TestSkillPathCursor" name="test_cursor_workspace_path" time="0.006" /><testcase classname="tests.unit.skills.test_paths.TestSkillPathCopilot" name="test_copilot_user_level_path" time="0.010" /><testcase classname="tests.unit.skills.test_composition.TestMultiRecipeExamples" name="test_test_plus_review_combination" time="0.033" /><testcase classname="tests.unit.skills.test_paths.TestSkillPathCline" name="test_cline_user_level_path" time="0.008" /><testcase classname="tests.unit.skills.test_paths.TestSkillPathTargetOverride" name="test_target_override_with_workspace_flag" time="0.005" /><testcase classname="tests.unit.skills.test_paths.TestSkillPathTargetOverride" name="test_target_override_changes_base_path" time="0.006" /><testcase classname="tests.unit.skills.test_paths.TestSkillPathCursor" name="test_cursor_user_level_path" time="0.007" /><testcase classname="tests.unit.skills.test_paths.TestSkillPathEdgeCases" name="test_skill_name_with_hyphens" time="0.006" /><testcase classname="tests.unit.skills.test_paths.TestSkillPathEdgeCases" name="test_invalid_format_raises_error" time="0.006" /><testcase classname="tests.unit.skills.test_paths.TestSkillPathEdgeCases" name="test_returns_path_object" time="0.006" /><testcase classname="tests.unit.skills.test_paths.TestSkillPathAllFormats" name="test_all_formats_user_and_workspace[copilot-.copilot/skills-.github/skills]" time="0.006" /><testcase classname="tests.unit.skills.test_paths.TestSkillPathAllFormats" name="test_all_formats_user_and_workspace[claude-.claude/skills-.claude/skills]" time="0.007" /><testcase classname="tests.unit.skills.test_paths.TestSkillPathCline" name="test_cline_workspace_path" time="0.006" /><testcase classname="tests.unit.skills.test_paths.TestSkillPathAllFormats" name="test_all_formats_user_and_workspace[cursor-.cursor/skills-.cursor/skills]" time="0.008" /><testcase classname="tests.unit.skills.test_standalone_generator.TestImperativeTransformations" name="test_should_transforms_to_must" time="0.001" /><testcase classname="tests.unit.skills.test_standalone_generator.TestImperativeTransformations" name="test_avoid_transforms_to_never_at_start" time="0.003" /><testcase classname="tests.unit.skills.test_standalone_generator.TestImperativeTransformations" name="test_prefer_transforms_to_use_at_start" time="0.003" /><testcase classname="tests.unit.skills.test_paths.TestSkillPathAllFormats" name="test_all_formats_user_and_workspace[cline-.cline/skills-.cline/skills]" time="0.006" /><testcase classname="tests.unit.skills.test_standalone_generator.TestImperativeTransformations" name="test_to_avoid_transforms_correctly" time="0.001" /><testcase classname="tests.unit.skills.test_standalone_generator.TestImperativeTransformations" name="test_avoid_transforms_to_without_in_middle" time="0.003" /><testcase classname="tests.unit.skills.test_standalone_generator.TestImperativeTransformations" name="test_consider_transforms_to_evaluate" time="0.001" /><testcase classname="tests.unit.skills.test_standalone_generator.TestImperativeTransformations" name="test_transformations_preserve_technical_terms" time="0.002" /><testcase classname="tests.unit.skills.test_standalone_generator.TestImperativeTransformations" name="test_multiple_transformations_in_one_guideline" time="0.001" /><testcase classname="tests.unit.skills.test_standalone_generator.TestResponsibilitiesFormatting" name="test_responsibilities_formatted_as_must" time="0.001" /><testcase classname="tests.unit.skills.test_standalone_generator.TestResponsibilitiesFormatting" name="test_empty_responsibilities_omits_section" time="0.001" /><testcase classname="tests.unit.skills.test_standalone_generator.TestResponsibilitiesFormatting" name="test_non_responsibilities_formatted_as_must_not" time="0.001" /><testcase classname="tests.unit.skills.test_standalone_generator.TestResponsibilitiesFormatting" name="test_non_responsibilities_already_negative_preserved" time="0.001" /><testcase classname="tests.unit.skills.test_standalone_generator.TestResponsibilitiesFormatting" name="test_responsibilities_handle_dict_items" time="0.001" /><testcase classname="tests.unit.skills.test_standalone_generator.TestGuidelinesFormatting" name="test_guidelines_numbered" time="0.001" /><testcase classname="tests.unit.skills.test_standalone_generator.TestGuidelinesFormatting" name="test_guidelines_have_emphasis" time="0.001" /><testcase classname="tests.unit.skills.test_standalone_generator.TestGuidelinesFormatting" name="test_empty_guidelines_omits_section" time="0.001" /><testcase classname="tests.unit.skills.test_standalone_generator.TestGuidelinesFormatting" name="test_guideline_emphasis_stops_at_dash" time="0.002" /><testcase classname="tests.unit.skills.test_standalone_generator.TestGuidelinesFormatting" name="test_guideline_preserves_code_elements" time="0.002" /><testcase classname="tests.unit.skills.test_standalone_generator.TestGuidelinesFormatting" name="test_guidelines_handle_dict_items" time="0.002" /><testcase classname="tests.unit.skills.test_standalone_generator.TestToolsFormatting" name="test_empty_tools_omits_section" time="0.002" /><testcase classname="tests.unit.skills.test_standalone_generator.TestToolsFormatting" name="test_tool_without_when_clause" time="0.001" /><testcase classname="tests.unit.skills.test_standalone_generator.TestToolsFormatting" name="test_tool_with_name_purpose_when" time="0.001" /><testcase classname="tests.unit.skills.test_standalone_generator.TestExamplesFormatting" name="test_empty_examples_omits_section" time="0.001" /><testcase classname="tests.unit.skills.test_standalone_generator.TestExamplesFormatting" name="test_example_with_scenario_input_output" time="0.001" /><testcase classname="tests.unit.skills.test_standalone_generator.TestToolsFormatting" name="test_string_tools_formatted_as_list" time="0.001" /><testcase classname="tests.unit.skills.test_standalone_generator.TestExamplesFormatting" name="test_string_examples_included" time="0.001" /><testcase classname="tests.unit.skills.test_standalone_generator.TestVerificationFormatting" name="test_empty_verification_omits_section" time="0.001" /><testcase classname="tests.unit.skills.test_standalone_generator.TestVerificationFormatting" name="test_verification_string_items" time="0.002" /><testcase classname="tests.unit.skills.test_standalone_generator.TestVerificationFormatting" name="test_verification_items_as_checklist" time="0.002" /><testcase classname="tests.unit.skills.test_standalone_generator.TestOutputStructure" name="test_metadata_header_included_by_default" time="0.001" /><testcase classname="tests.unit.skills.test_standalone_generator.TestOutputStructure" name="test_metadata_header_excluded_when_disabled" time="0.001" /><testcase classname="tests.unit.skills.test_standalone_generator.TestOutputStructure" name="test_opening_frame_present" time="0.001" /><testcase classname="tests.unit.skills.test_standalone_generator.TestOutputStructure" name="test_compliance_footer_present" time="0.001" /><testcase classname="tests.unit.skills.test_standalone_generator.TestOutputStructure" name="test_output_is_valid_markdown" time="0.001" /><testcase classname="tests.unit.skills.test_standalone_generator.TestOutputStructure" name="test_sections_in_correct_order" time="0.001" /><testcase classname="tests.unit.skills.test_standalone_generator.TestEdgeCases" name="test_empty_strings_in_lists_ignored" time="0.001" /><testcase classname="tests.unit.skills.test_standalone_generator.TestEdgeCases" name="test_special_characters_preserved" time="0.001" /><testcase classname="tests.unit.skills.test_standalone_generator.TestEdgeCases" name="test_minimal_role_generates_output" time="0.001" /><testcase classname="tests.unit.skills.test_standalone_generator.TestEdgeCases" name="test_very_long_guideline_handled" time="0.002" /><testcase classname="tests.unit.skills.test_standalone_generator.TestEdgeCases" name="test_unicode_characters_preserved" time="0.002" /><testcase classname="tests.unit.skills.test_standalone_generator.TestEdgeCases" name="test_nested_bold_markers_handled" time="0.002" /><testcase classname="tests.unit.skills.test_standalone_generator.TestEdgeCases" name="test_missing_recipe_name_uses_fallback" time="0.001" /><testcase classname="tests.unit.skills.test_standalone_generator.TestEdgeCases" name="test_guideline_with_only_code" time="0.001" /><testcase classname="tests.unit.skills.test_standalone_generator.TestEdgeCases" name="test_none_values_in_dict_handled" time="0.001" /><testcase classname="tests.unit.skills.test_standalone_generator.TestPromptQuality" name="test_self_contained_no_external_references" time="0.001" /><testcase classname="tests.unit.skills.test_standalone_generator.TestPromptQuality" name="test_imperative_language_throughout" time="0.002" /><testcase classname="tests.unit.skills.test_standalone_generator.TestPromptQuality" name="test_no_backend_specific_references" time="0.001" /><testcase classname="tests.unit.skills.test_standalone_generator.TestPromptQuality" name="test_output_length_reasonable" time="0.002" /><testcase classname="tests.unit.skills.test_standalone_generator.TestPromptQuality" name="test_ultra_compact_format_is_ascii_only" time="0.002" /><testcase classname="tests.unit.skills.test_standalone_generator.TestPromptQuality" name="test_sanitize_unicode_helper" time="0.001" /><testcase classname="tests.unit.skills.test_standalone_generator.TestPromptQuality" name="test_compact_format_is_ascii_only" time="0.002" /><testcase classname="tests.unit.skills.test_standalone_generator.TestPromptQuality" name="test_mixed_unicode_in_guidelines_and_tools" time="0.001" /><testcase classname="tests.unit.skills.test_standalone_generator.TestPromptQuality" name="test_empty_recipe_with_compact_style" time="0.001" /><testcase classname="tests.unit.skills.test_standalone_generator.TestPromptQuality" name="test_special_characters_in_recipe_name" time="0.001" /><testcase classname="tests.unit.skills.test_standalone_generator.TestPromptQuality" name="test_very_long_content_ultra_compact" time="0.001" /><testcase classname="tests.unit.skills.test_templates.TestTemplateDirectory" name="test_templates_skill_directory_exists" time="0.002" /><testcase classname="tests.unit.skills.test_templates.TestSkillMdTemplate" name="test_skill_md_has_required_sections" time="0.002" /><testcase classname="tests.unit.skills.test_templates.TestSkillMdTemplate" name="test_skill_md_template_exists" time="0.002" /><testcase classname="tests.unit.skills.test_templates.TestSkillMdTemplate" name="test_skill_md_has_procedure_placeholders" time="0.002" /><testcase classname="tests.unit.skills.test_templates.TestSkillMdTemplate" name="test_skill_md_has_yaml_frontmatter_placeholders" time="0.002" /><testcase classname="tests.unit.skills.test_templates.TestSkillMdTemplate" name="test_skill_md_has_tools_placeholder" time="0.002" /><testcase classname="tests.unit.skills.test_templates.TestSkillMdTemplate" name="test_skill_md_has_verification_placeholder" time="0.002" /><testcase classname="tests.unit.skills.test_templates.TestSkillMdTemplate" name="test_skill_md_has_examples_placeholder" time="0.002" /><testcase classname="tests.unit.skills.test_templates.TestSkillMdTemplate" name="test_skill_md_is_valid_markdown" time="0.002" /><testcase classname="tests.unit.skills.test_templates.TestReadmeTemplate" name="test_readme_template_exists" time="0.001" /><testcase classname="tests.unit.skills.test_templates.TestReadmeTemplate" name="test_readme_has_skill_name_placeholder" time="0.002" /><testcase classname="tests.unit.skills.test_templates.TestReadmeTemplate" name="test_readme_has_usage_section" time="0.002" /><testcase classname="tests.unit.skills.test_templates.TestReadmeTemplate" name="test_readme_is_valid_markdown" time="0.002" /><testcase classname="tests.unit.skills.test_templates.TestCriteriaTemplate" name="test_criteria_has_guidelines_placeholder" time="0.002" /><testcase classname="tests.unit.skills.test_templates.TestCriteriaTemplate" name="test_criteria_has_checklist_format" time="0.002" /><testcase classname="tests.unit.skills.test_templates.TestCriteriaTemplate" name="test_criteria_template_exists" time="0.004" /><testcase classname="tests.unit.skills.test_templates.TestCriteriaTemplate" name="test_criteria_is_valid_markdown" time="0.007" /><testcase classname="tests.unit.skills.test_templates.TestChecklistTemplate" name="test_checklist_has_verification_placeholder" time="0.002" /><testcase classname="tests.unit.skills.test_templates.TestChecklistTemplate" name="test_checklist_has_checkbox_format" time="0.003" /><testcase classname="tests.unit.skills.test_templates.TestChecklistTemplate" name="test_checklist_is_valid_markdown" time="0.002" /><testcase classname="tests.unit.skills.test_templates.TestChecklistTemplate" name="test_checklist_template_exists" time="0.003" /><testcase classname="tests.unit.skills.test_templates.TestTemplatePlaceholderConsistency" name="test_all_templates_use_string_template_syntax" time="0.009" /><testcase classname="tests.unit.skills.test_templates.TestTemplatePlaceholderConsistency" name="test_no_placeholder_collisions" time="0.003" /><testcase classname="tests.unit.skills.test_updater.TestStalenessDetection" name="test_skill_is_fresh_when_hash_matches" time="0.006" /><testcase classname="tests.unit.skills.test_updater.TestStalenessDetection" name="test_skill_is_stale_when_recipe_changed" time="0.009" /><testcase classname="tests.unit.skills.test_updater.TestStalenessDetection" name="test_skill_stale_when_recipe_missing" time="0.007" /><testcase classname="tests.unit.skills.test_updater.TestStalenessDetection" name="test_multi_recipe_skill_stale_when_one_recipe_changed" time="0.007" /><testcase classname="tests.unit.skills.test_updater.TestCheckStaleSkills" name="test_check_handles_missing_metadata" time="0.014" /><testcase classname="tests.unit.skills.test_updater.TestCheckStaleSkills" name="test_check_finds_stale_skills" time="0.022" /><testcase classname="tests.unit.skills.test_updater.TestCheckStaleSkills" name="test_check_returns_empty_when_all_fresh" time="0.012" /><testcase classname="tests.unit.skills.test_updater.TestUpdateSkill" name="test_update_regenerates_skill_from_latest_recipe" time="0.055" /><testcase classname="tests.unit.skills.test_updater.TestUpdateAllStaleSkills" name="test_update_all_regenerates_all_stale_skills" time="0.096" /><testcase classname="tests.unit.skills.test_updater.TestUpdateSkill" name="test_update_fails_gracefully_when_recipe_invalid" time="0.012" /><testcase classname="tests.unit.skills.test_updater.TestUpdateSkill" name="test_update_preserves_skill_name" time="0.045" /><testcase classname="tests.unit.test_claude_layout.TestClaudeLayout" name="test_state_file_property" time="0.001" /><testcase classname="tests.unit.test_claude_layout.TestClaudeLayout" name="test_cleanup_on_zero_successes_removes_all_files" time="0.043" /><testcase classname="tests.unit.skills.test_updater.TestUpdateAllStaleSkills" name="test_update_all_skips_fresh_skills" time="0.021" /><testcase classname="tests.unit.test_claude_layout.TestClaudeLayout" name="test_write_baseline_router_active" time="0.027" /><testcase classname="tests.unit.test_claude_layout.TestClaudeLayout" name="test_cleanup_on_zero_successes_handles_missing_files" time="0.012" /><testcase classname="tests.unit.test_claude_layout.TestClaudeLayout" name="test_write_active_from_cache" time="0.026" /><testcase classname="tests.unit.test_claude_layout.TestClaudeLayout" name="test_write_active_from_cache_creates_parent_dir" time="0.016" /><testcase classname="tests.unit.test_claude_layout.TestClaudeLayout" name="test_wrap_output" time="0.003" /><testcase classname="tests.unit.test_claude_layout.TestModuleLevelFunctions" name="test_claude_recipe_cache_dir" time="0.008" /><testcase classname="tests.unit.test_claude_layout.TestModuleLevelFunctions" name="test_personetta_root" time="0.009" /><testcase classname="tests.unit.test_claude_layout.TestModuleLevelFunctions" name="test_write_claude_state" time="0.015" /><testcase classname="tests.unit.test_claude_layout.TestModuleLevelFunctions" name="test_claude_state_path" time="0.010" /><testcase classname="tests.unit.test_claude_layout.TestModuleLevelFunctions" name="test_claude_rules_dir" time="0.016" /><testcase classname="tests.unit.test_claude_layout.TestModuleLevelFunctions" name="test_cleanup_claude_on_zero_successes" time="0.028" /><testcase classname="tests.unit.test_claude_layout.TestModuleLevelFunctions" name="test_read_claude_state_missing_file" time="0.009" /><testcase classname="tests.unit.test_claude_layout.TestModuleLevelFunctions" name="test_read_claude_state_existing_file" time="0.024" /><testcase classname="tests.unit.test_claude_layout.TestModuleLevelFunctions" name="test_install_claude_router" time="0.022" /><testcase classname="tests.unit.test_claude_layout.TestSetActiveClaude" name="test_set_active_claude_success" time="0.027" /><testcase classname="tests.unit.test_claude_layout.TestModuleLevelFunctions" name="test_install_all_claude_with_filter" time="0.007" /><testcase classname="tests.unit.test_claude_layout.TestModuleLevelFunctions" name="test_install_all_claude_with_list" time="0.010" /><testcase classname="tests.unit.test_claude_layout.TestSetActiveClaude" name="test_set_active_claude_missing_cache_raises_error" time="0.010" /><testcase classname="tests.unit.test_claude_layout.TestInstallSingleClaudeRecipeToCache" name="test_install_single_is_active" time="0.015" /><testcase classname="tests.unit.test_claude_layout.TestInstallSingleClaudeRecipeToCache" name="test_install_single_no_state_file" time="0.020" /><testcase classname="tests.unit.test_claude_layout.TestInstallSingleClaudeRecipeToCache" name="test_install_single_empty_cache" time="0.010" /><testcase classname="tests.unit.test_claude_layout.TestInstallSingleClaudeRecipeToCache" name="test_install_single_not_active" time="0.011" /><testcase classname="tests.unit.skills.test_paths.TestSkillPathClaude" name="test_claude_user_level_path" time="0.008" /><testcase classname="tests.unit.test_claude_layout.TestListCachedClaudeRecipes" name="test_list_cached_claude_recipes_empty" time="0.008" /><testcase classname="tests.unit.test_claude_layout.TestBackwardCompatibilityConstants" name="test_baseline_name_constant" time="0.002" /><testcase classname="tests.unit.test_claude_layout.TestBackwardCompatibilityConstants" name="test_router_name_constant" time="0.002" /><testcase classname="tests.unit.test_cline_layout.TestClineLayout" name="test_format_name" time="0.002" /><testcase classname="tests.unit.test_claude_layout.TestBackwardCompatibilityConstants" name="test_active_name_constant" time="0.001" /><testcase classname="tests.unit.test_cline_layout.TestClineLayout" name="test_recipes_subdir" time="0.001" /><testcase classname="tests.unit.test_cline_layout.TestClineLayout" name="test_wrap_output" time="0.002" /><testcase classname="tests.unit.test_claude_layout.TestListCachedClaudeRecipes" name="test_list_cached_claude_recipes_with_files" time="0.013" /><testcase classname="tests.unit.test_cline_layout.TestClineLayout" name="test_state_file" time="0.002" /><testcase classname="tests.unit.test_cline_layout.TestClineLayout" name="test_rules_dir" time="0.007" /><testcase classname="tests.unit.test_cline_layout.TestClineLayout" name="test_write_active_from_cache" time="0.021" /><testcase classname="tests.unit.test_cline_layout.TestClineLayout" name="test_install_router_real_files" time="0.014" /><testcase classname="tests.unit.test_cline_layout.TestClineLayout" name="test_write_baseline_router_active_real_files" time="0.036" /><testcase classname="tests.unit.test_cline_layout.TestClineLayout" name="test_cleanup_on_zero_successes_handles_missing_files" time="0.008" /><testcase classname="tests.unit.test_cline_layout.TestClineLayout" name="test_cleanup_on_zero_successes_real_files" time="0.036" /><testcase classname="tests.unit.test_cline_layout.TestModuleLevelFunctions" name="test_cline_recipe_cache_dir" time="0.007" /><testcase classname="tests.unit.test_cline_layout.TestModuleLevelFunctions" name="test_write_cline_state" time="0.016" /><testcase classname="tests.unit.test_cline_layout.TestModuleLevelFunctions" name="test_cline_global_rules_dir" time="0.008" /><testcase classname="tests.unit.test_cline_layout.TestModuleLevelFunctions" name="test_cleanup_cline_on_zero_successes" time="0.018" /><testcase classname="tests.unit.test_cline_layout.TestModuleLevelFunctions" name="test_read_cline_state_missing_file" time="0.010" /><testcase classname="tests.unit.test_cline_layout.TestModuleLevelFunctions" name="test_read_cline_state" time="0.013" /><testcase classname="tests.unit.test_cline_layout.TestModuleLevelFunctions" name="test_personetta_root" time="0.012" /><testcase classname="tests.unit.test_cline_layout.TestModuleLevelFunctions" name="test_install_all_cline" time="0.007" /><testcase classname="tests.unit.test_cline_layout.TestModuleLevelFunctions" name="test_cline_state_path" time="0.010" /><testcase classname="tests.unit.test_cline_layout.TestModuleLevelFunctions" name="test_set_active_cline_missing_cache" time="0.008" /><testcase classname="tests.unit.test_cline_layout.TestModuleLevelFunctions" name="test_set_active_cline_success" time="0.037" /><testcase classname="tests.unit.test_cline_layout.TestModuleLevelFunctions" name="test_install_cline_router" time="0.010" /><testcase classname="tests.unit.test_cline_layout.TestModuleLevelFunctions" name="test_install_single_cline_recipe_to_cache_is_active" time="0.011" /><testcase classname="tests.unit.test_copilot_layout.TestCopilotLayout" name="test_recipes_subdir" time="0.002" /><testcase classname="tests.unit.test_cline_layout.TestModuleLevelFunctions" name="test_install_single_cline_recipe_to_cache_not_active" time="0.015" /><testcase classname="tests.unit.test_copilot_layout.TestCopilotLayout" name="test_wrap_output_escapes_single_quotes" time="0.002" /><testcase classname="tests.unit.test_cline_layout.TestModuleLevelFunctions" name="test_list_cached_cline_recipes" time="0.019" /><testcase classname="tests.unit.test_copilot_layout.TestCopilotLayout" name="test_rules_dir" time="0.010" /><testcase classname="tests.unit.test_copilot_layout.TestCopilotLayout" name="test_state_file" time="0.002" /><testcase classname="tests.unit.test_copilot_layout.TestCopilotLayout" name="test_wrap_output_strips_leading_newlines" time="0.002" /><testcase classname="tests.unit.test_copilot_layout.TestCopilotLayout" name="test_wrap_output" time="0.002" /><testcase classname="tests.unit.test_copilot_layout.TestCopilotLayout" name="test_format_name" time="0.002" /><testcase classname="tests.unit.test_copilot_layout.TestCopilotLayout" name="test_cleanup_on_zero_successes_removes_empty_instructions_dir" time="0.015" /><testcase classname="tests.unit.test_copilot_layout.TestCopilotLayout" name="test_cleanup_on_zero_successes_keeps_non_empty_instructions_dir" time="0.014" /><testcase classname="tests.unit.test_copilot_layout.TestCopilotLayout" name="test_cleanup_on_zero_successes_removes_all_files" time="0.027" /><testcase classname="tests.unit.test_copilot_layout.TestCopilotLayout" name="test_cleanup_on_zero_successes_handles_missing_files" time="0.009" /><testcase classname="tests.unit.test_copilot_layout.TestCopilotLayout" name="test_write_active_from_cache_truncates_long_description" time="0.017" /><testcase classname="tests.unit.test_copilot_layout.TestCopilotLayout" name="test_write_active_from_cache" time="0.023" /><testcase classname="tests.unit.test_copilot_layout.TestModuleLevelFunctions" name="test_personetta_root" time="0.011" /><testcase classname="tests.unit.test_copilot_layout.TestCopilotLayout" name="test_write_active_from_cache_creates_instructions_dir" time="0.027" /><testcase classname="tests.unit.test_copilot_layout.TestModuleLevelFunctions" name="test_copilot_recipe_cache_dir" time="0.010" /><testcase classname="tests.unit.test_copilot_layout.TestModuleLevelFunctions" name="test_wrap_copilot_instructions_custom_apply_to" time="0.002" /><testcase classname="tests.unit.test_copilot_layout.TestCopilotLayout" name="test_write_baseline_router_active" time="0.034" /><testcase classname="tests.unit.test_copilot_layout.TestModuleLevelFunctions" name="test_copilot_instructions_dir" time="0.012" /><testcase classname="tests.unit.test_copilot_layout.TestModuleLevelFunctions" name="test_copilot_state_path" time="0.010" /><testcase classname="tests.unit.test_copilot_layout.TestModuleLevelFunctions" name="test_read_copilot_state_missing_file" time="0.007" /><testcase classname="tests.unit.test_copilot_layout.TestModuleLevelFunctions" name="test_wrap_copilot_instructions" time="0.003" /><testcase classname="tests.unit.test_copilot_layout.TestModuleLevelFunctions" name="test_write_copilot_state" time="0.012" /><testcase classname="tests.unit.test_copilot_layout.TestModuleLevelFunctions" name="test_read_copilot_state_invalid_json" time="0.019" /><testcase classname="tests.unit.test_copilot_layout.TestModuleLevelFunctions" name="test_set_active_copilot_success" time="0.026" /><testcase classname="tests.unit.test_copilot_layout.TestModuleLevelFunctions" name="test_list_cached_copilot_recipes" time="0.029" /><testcase classname="tests.unit.test_copilot_layout.TestModuleLevelFunctions" name="test_set_active_copilot_missing_cache" time="0.013" /><testcase classname="tests.unit.test_copilot_layout.TestModuleLevelFunctions" name="test_read_copilot_state" time="0.014" /><testcase classname="tests.unit.test_copilot_layout.TestModuleLevelFunctions" name="test_list_cached_copilot_recipes_empty" time="0.009" /><testcase classname="tests.unit.test_copilot_layout.TestModuleLevelFunctions" name="test_ensure_copilot_baseline_router_creates_files" time="0.031" /><testcase classname="tests.unit.test_copilot_layout.TestModuleLevelFunctions" name="test_ensure_copilot_baseline_router_when_baseline_exists" time="0.018" /><testcase classname="tests.unit.test_copilot_layout.TestModuleLevelFunctions" name="test_install_single_copilot_recipe_to_cache" time="0.013" /><testcase classname="tests.unit.test_copilot_layout.TestModuleLevelFunctions" name="test_ensure_copilot_baseline_router_when_cache_empty" time="0.014" /><testcase classname="tests.unit.test_copilot_layout.TestModuleLevelFunctions" name="test_install_single_copilot_recipe_to_cache_not_active" time="0.017" /><testcase classname="tests.unit.test_copilot_layout.TestModuleLevelFunctions" name="test_cleanup_copilot_on_zero_successes" time="0.021" /><testcase classname="tests.unit.test_copilot_layout.TestModuleLevelFunctions" name="test_install_all_copilot_with_filter" time="0.015" /><testcase classname="tests.unit.test_copilot_layout.TestModuleLevelFunctions" name="test_install_all_copilot_with_list" time="0.011" /><testcase classname="tests.unit.test_executor.TestExecutePipeline" name="test_executes_backend_items" time="0.013" /><testcase classname="tests.unit.test_copilot_layout.TestModuleLevelFunctions" name="test_install_single_copilot_recipe_to_cache_no_state" time="0.020" /><testcase classname="tests.unit.test_executor.TestExecuteBackendItem" name="test_executes_cursor_backend" time="0.009" /><testcase classname="tests.unit.test_executor.TestExecutePipeline" name="test_executes_prompt_items" time="0.015" /><testcase classname="tests.unit.test_executor.TestExecuteBackendItem" name="test_executes_claude_backend" time="0.009" /><testcase classname="tests.unit.test_executor.TestExecutePipeline" name="test_executes_mixed_items" time="0.010" /><testcase classname="tests.unit.test_executor.TestExecuteBackendItem" name="test_executes_copilot_backend" time="0.013" /><testcase classname="tests.unit.test_executor.TestExecuteBackendItem" name="test_unknown_format_raises" time="0.009" /><testcase classname="tests.unit.test_executor.TestExecuteBackendItem" name="test_executes_cline_backend" time="0.010" /><testcase classname="tests.unit.test_executor.TestExecuteBackendItem" name="test_passes_target_to_install" time="0.009" /><testcase classname="tests.unit.test_executor.TestExecutePromptItem" name="test_writes_to_file" time="0.010" /><testcase classname="tests.unit.test_executor.TestExecutePromptItem" name="test_writes_to_stdout" time="0.003" /><testcase classname="tests.unit.test_executor.TestExecutePromptItem" name="test_uses_full_metadata_for_full_style" time="0.004" /><testcase classname="tests.unit.test_executor.TestExecutePromptItem" name="test_excludes_metadata_for_ultra_compact" time="0.006" /><testcase classname="tests.unit.test_executor.TestExecutePromptItem" name="test_raises_when_output_path_missing" time="0.002" /><testcase classname="tests.unit.test_executor.TestExecutionResults" name="test_empty_results" time="0.001" /><testcase classname="tests.unit.test_layout_common.TestSetActiveCliLines" name="test_generates_both_commands" time="0.001" /><testcase classname="tests.unit.test_executor.TestExecutionResults" name="test_creates_results" time="0.001" /><testcase classname="tests.unit.test_layout_common.TestSetActiveCliLines" name="test_different_formats" time="0.001" /><testcase classname="tests.unit.test_layout_common.TestSetActiveCliLines" name="test_recipe_id_with_hyphens" time="0.001" /><testcase classname="tests.unit.test_layout_common.TestCollectRecipeRouterRows" name="test_collects_all_recipes" time="0.009" /><testcase classname="tests.unit.test_layout_common.TestCollectRecipeRouterRows" name="test_handles_missing_description" time="0.007" /><testcase classname="tests.unit.test_layout_common.TestCollectRecipeRouterRows" name="test_extracts_first_line_of_description" time="0.009" /><testcase classname="tests.unit.test_layout_common.TestCollectRecipeRouterRows" name="test_sorts_recipes" time="0.022" /><testcase classname="tests.unit.test_layout_common.TestBuildPlainRouterMarkdown" name="test_basic_structure" time="0.002" /><testcase classname="tests.unit.test_layout_common.TestCollectRecipeRouterRows" name="test_includes_activation_phrases" time="0.013" /><testcase classname="tests.unit.test_layout_common.TestBuildPlainRouterMarkdown" name="test_includes_mismatch_detection_section" time="0.002" /><testcase classname="tests.unit.test_layout_common.TestBuildPlainRouterMarkdown" name="test_includes_set_active_commands" time="0.005" /><testcase classname="tests.unit.test_layout_common.TestBuildPlainBaselineMarkdown" name="test_basic_structure" time="0.001" /><testcase classname="tests.unit.test_layout_common.TestBuildPlainRouterMarkdown" name="test_handles_multiline_description" time="0.001" /><testcase classname="tests.unit.test_layout_common.TestBuildPlainBaselineMarkdown" name="test_includes_postflight_checklist" time="0.001" /><testcase classname="tests.unit.test_layout_common.TestBuildPlainRouterMarkdown" name="test_includes_recipe_index" time="0.001" /><testcase classname="tests.unit.test_layout_common.TestBuildPlainBaselineMarkdown" name="test_includes_extra_notes" time="0.001" /><testcase classname="tests.unit.test_layout_common.TestBuildPlainBaselineMarkdown" name="test_format_specific_cache_glob" time="0.002" /><testcase classname="tests.unit.test_list_skills_command.TestRefreshCatalogIfRequested" name="test_refresh_not_requested" time="0.002" /><testcase classname="tests.unit.test_list_skills_command.TestRefreshCatalogIfRequested" name="test_refresh_specific_format" time="0.004" /><testcase classname="tests.unit.test_list_skills_command.TestGetFormatsToShow" name="test_specific_format" time="0.002" /><testcase classname="tests.unit.test_list_skills_command.TestRefreshCatalogIfRequested" name="test_refresh_all_formats" time="0.004" /><testcase classname="tests.unit.test_layout_common.TestBuildPlainBaselineMarkdown" name="test_includes_preflight_checklist" time="0.004" /><testcase classname="tests.unit.test_list_skills_command.TestGetFormatsToShow" name="test_all_formats" time="0.003" /><testcase classname="tests.unit.test_list_skills_command.TestCountTotalSkills" name="test_count_all_formats" time="0.002" /><testcase classname="tests.unit.test_layout_common.TestBuildPlainBaselineMarkdown" name="test_includes_work_alignment_examples" time="0.003" /><testcase classname="tests.unit.test_list_skills_command.TestCountTotalSkills" name="test_count_specific_format" time="0.002" /><testcase classname="tests.unit.test_layout_common.TestBuildPlainBaselineMarkdown" name="test_includes_cross_cutting_rules" time="0.001" /><testcase classname="tests.unit.test_list_skills_command.TestCountTotalSkills" name="test_count_missing_format" time="0.002" /><testcase classname="tests.unit.test_list_skills_command.TestCountTotalSkills" name="test_count_empty_catalog" time="0.001" /><testcase classname="tests.unit.test_list_skills_command.TestPrintSkillHeader" name="test_prints_skill_count" time="0.002" /><testcase classname="tests.unit.test_list_skills_command.TestPrintSkillHeader" name="test_prints_catalog_path" time="0.002" /><testcase classname="tests.unit.test_list_skills_command.TestPrintSkillHeader" name="test_prints_last_updated" time="0.002" /><testcase classname="tests.unit.test_list_skills_command.TestPrintSkillHeader" name="test_handles_missing_last_updated" time="0.002" /><testcase classname="tests.unit.test_list_skills_command.TestFormatDescription" name="test_short_description_unchanged" time="0.001" /><testcase classname="tests.unit.test_list_skills_command.TestFormatDescription" name="test_long_description_truncated" time="0.001" /><testcase classname="tests.unit.test_list_skills_command.TestPrintSkillDetails" name="test_prints_recipes" time="0.002" /><testcase classname="tests.unit.test_list_skills_command.TestFormatDescription" name="test_custom_max_length" time="0.003" /><testcase classname="tests.unit.test_list_skills_command.TestPrintSkillDetails" name="test_prints_scripts_count" time="0.002" /><testcase classname="tests.unit.test_list_skills_command.TestPrintSkillDetails" name="test_prints_path" time="0.003" /><testcase classname="tests.unit.test_list_skills_command.TestPrintSkillDetails" name="test_no_recipes_no_output" time="0.002" /><testcase classname="tests.unit.test_list_skills_command.TestPrintSkillInfo" name="test_prints_skill_name" time="0.002" /><testcase classname="tests.unit.test_list_skills_command.TestPrintSkillInfo" name="test_prints_description" time="0.002" /><testcase classname="tests.unit.test_list_skills_command.TestPrintSkillInfo" name="test_uses_default_description" time="0.002" /><testcase classname="tests.unit.test_list_skills_command.TestPrintSkillsForFormat" name="test_prints_all_skills" time="0.002" /><testcase classname="tests.unit.test_list_skills_command.TestPrintSkillsForFormat" name="test_prints_format_header" time="0.002" /><testcase classname="tests.unit.test_list_skills_command.TestCmdListSkills" name="test_filters_by_format" time="0.003" /><testcase classname="tests.unit.test_list_skills_command.TestCmdListSkills" name="test_no_skills_returns_zero" time="0.003" /><testcase classname="tests.unit.test_list_skills_command.TestCmdListSkills" name="test_lists_all_formats" time="0.003" /><testcase classname="tests.unit.test_list_skills_command.TestCmdListSkills" name="test_refreshes_catalog_when_requested" time="0.004" /><testcase classname="tests.unit.test_paths.TestPathResolver" name="test_cache_dir_cursor" time="0.006" /><testcase classname="tests.unit.test_paths.TestPathResolver" name="test_cache_dir_cline" time="0.008" /><testcase classname="tests.unit.test_paths.TestPathResolver" name="test_cache_dir_copilot" time="0.010" /><testcase classname="tests.unit.test_paths.TestPathResolver" name="test_rules_dir_cursor" time="0.016" /><testcase classname="tests.unit.test_paths.TestPathResolver" name="test_rules_dir_cline" time="0.015" /><testcase classname="tests.unit.test_paths.TestPathResolver" name="test_cache_dir_claude" time="0.030" /><testcase classname="tests.unit.test_paths.TestPathResolver" name="test_rules_dir_claude" time="0.021" /><testcase classname="tests.unit.test_paths.TestPathResolver" name="test_state_file_cursor" time="0.012" /><testcase classname="tests.unit.test_paths.TestPathResolver" name="test_rules_dir_copilot" time="0.017" /><testcase classname="tests.unit.test_paths.TestGetPathResolver" name="test_get_path_resolver_cursor" time="0.001" /><testcase classname="tests.unit.test_paths.TestPathResolver" name="test_rules_dir_unknown_format" time="0.009" /><testcase classname="tests.unit.test_paths.TestPathResolver" name="test_state_file_cline" time="0.010" /><testcase classname="tests.unit.test_paths.TestGetPathResolver" name="test_get_path_resolver_unknown_format" time="0.001" /><testcase classname="tests.unit.test_paths.TestPathResolver" name="test_state_file_claude" time="0.009" /><testcase classname="tests.unit.test_paths.TestGetPathResolver" name="test_get_path_resolver_claude" time="0.002" /><testcase classname="tests.unit.test_paths.TestGetPathResolver" name="test_get_path_resolver_copilot" time="0.002" /><testcase classname="tests.unit.test_paths.TestPathResolver" name="test_state_file_copilot" time="0.009" /><testcase classname="tests.unit.test_paths.TestGetPathResolver" name="test_get_path_resolver_cline" time="0.001" /><testcase classname="tests.unit.test_paths.TestGetSkillInstallPath" name="test_copilot_workspace_level" time="0.008" /><testcase classname="tests.unit.test_paths.TestGetSkillInstallPath" name="test_claude_workspace_level" time="0.009" /><testcase classname="tests.unit.test_paths.TestGetSkillInstallPath" name="test_claude_user_level" time="0.008" /><testcase classname="tests.unit.test_paths.TestGetSkillInstallPath" name="test_cursor_user_level" time="0.046" /><testcase classname="tests.unit.test_paths.TestGetSkillInstallPath" name="test_copilot_user_level" time="0.029" /><testcase classname="tests.unit.test_paths.TestGetSkillInstallPath" name="test_cursor_workspace_level" time="0.015" /><testcase classname="tests.unit.test_paths.TestGetSkillInstallPath" name="test_cline_workspace_level" time="0.009" /><testcase classname="tests.unit.test_skill_catalog.TestCatalogCreation" name="test_create_catalog_initializes_empty_skills" time="0.002" /><testcase classname="tests.unit.test_skill_catalog.TestCatalogCreation" name="test_create_catalog_returns_valid_structure" time="0.002" /><testcase classname="tests.unit.test_skill_catalog.TestCatalogLoadSave" name="test_save_catalog_creates_file" time="0.018" /><testcase classname="tests.unit.test_skill_catalog.TestCatalogLoadSave" name="test_load_catalog_reads_existing_file" time="0.027" /><testcase classname="tests.unit.test_paths.TestGetSkillInstallPath" name="test_cline_user_level" time="0.086" /><testcase classname="tests.unit.test_skill_catalog.TestCatalogCreation" name="test_create_catalog_has_timestamp" time="0.003" /><testcase classname="tests.unit.test_paths.TestGetSkillInstallPath" name="test_unknown_format_validation" time="0.121" /><testcase classname="tests.unit.test_skill_catalog.TestCatalogLoadSave" name="test_load_catalog_creates_new_if_missing" time="0.056" /><testcase classname="tests.unit.test_skill_catalog.TestCatalogPathResolution" name="test_get_catalog_path_default_location" time="0.003" /><testcase classname="tests.unit.test_skill_catalog.TestCatalogLoadSave" name="test_save_catalog_writes_valid_json" time="0.085" /><testcase classname="tests.unit.test_paths.TestGetSkillInstallPath" name="test_unknown_format_else_clause" time="0.017" /><testcase classname="tests.unit.test_skill_catalog.TestCatalogEntryUpdate" name="test_update_catalog_entry_includes_metadata" time="0.048" /><testcase classname="tests.unit.test_skill_catalog.TestCatalogEntryUpdate" name="test_update_catalog_entry_detects_no_scripts" time="0.036" /><testcase classname="tests.unit.test_skill_catalog.TestCatalogLoadSave" name="test_load_catalog_handles_corrupt_file" time="0.013" /><testcase classname="tests.unit.test_skill_catalog.TestCatalogPathResolution" name="test_get_catalog_path_custom_location" time="0.013" /><testcase classname="tests.unit.test_skill_catalog.TestCatalogEntryUpdate" name="test_update_catalog_entry_adds_new_skill" time="0.047" /><testcase classname="tests.unit.test_skill_catalog.TestSkillScanning" name="test_scan_all_skills_skips_invalid_skills" time="0.018" /><testcase classname="tests.unit.test_skill_catalog.TestSkillScanning" name="test_scan_all_skills_handles_empty_directory" time="0.053" /><testcase classname="tests.unit.test_skill_catalog.TestCatalogEntryUpdate" name="test_update_catalog_entry_counts_scripts" time="0.056" /><testcase classname="tests.unit.test_skill_catalog.TestCatalogEntryUpdate" name="test_update_catalog_entry_overwrites_existing" time="0.053" /><testcase classname="tests.unit.test_skill_catalog.TestSkillScanning" name="test_scan_all_skills_finds_skills" time="0.027" /><testcase classname="tests.unit.test_skill_catalog.TestSkillScanning" name="test_scan_all_skills_handles_missing_directory" time="0.010" /><testcase classname="tests.unit.test_skill_generator.TestTemplateLoading" name="test_loads_readme_template" time="0.005" /><testcase classname="tests.unit.test_skill_catalog.TestCatalogIntegration" name="test_catalog_supports_multiple_formats" time="0.083" /><testcase classname="tests.unit.test_skill_catalog.TestCatalogIntegration" name="test_catalog_workflow_create_update_load" time="0.033" /><testcase classname="tests.unit.test_skill_generator.TestSkillGeneratorInstantiation" name="test_can_instantiate_skill_generator" time="0.008" /><testcase classname="tests.unit.test_skill_generator.TestSkillGeneratorInstantiation" name="test_instantiation_without_template_dir_uses_default" time="0.006" /><testcase classname="tests.unit.test_skill_generator.TestTemplateLoading" name="test_loads_checklist_template" time="0.002" /><testcase classname="tests.unit.test_skill_generator.TestTemplateLoading" name="test_raises_error_for_missing_template" time="0.002" /><testcase classname="tests.unit.test_skill_generator.TestTemplateLoading" name="test_loads_skill_md_template" time="0.002" /><testcase classname="tests.unit.test_skill_generator.TestTemplateRendering" name="test_renders_criteria_template" time="0.003" /><testcase classname="tests.unit.test_skill_generator.TestTemplateRendering" name="test_renders_readme_template" time="0.003" /><testcase classname="tests.unit.test_skill_generator.TestTemplateRendering" name="test_renders_skill_md_template" time="0.003" /><testcase classname="tests.unit.test_skill_generator.TestDataExtraction" name="test_extracts_description" time="0.002" /><testcase classname="tests.unit.test_skill_generator.TestTemplateRendering" name="test_renders_checklist_template" time="0.004" /><testcase classname="tests.unit.test_skill_generator.TestDataExtraction" name="test_extracts_responsibilities_as_when_to_use" time="0.004" /><testcase classname="tests.unit.test_skill_generator.TestDataExtraction" name="test_transforms_responsibilities_to_procedure" time="0.003" /><testcase classname="tests.unit.test_skill_generator.TestDataExtraction" name="test_transforms_guidelines_to_criteria" time="0.005" /><testcase classname="tests.unit.test_skill_generator.TestDataExtraction" name="test_extracts_examples" time="0.003" /><testcase classname="tests.unit.test_skill_generator.TestDataExtraction" name="test_extracts_tools_section" time="0.003" /><testcase classname="tests.unit.test_skill_generator.TestDataExtraction" name="test_transforms_verification_to_checklist" time="0.003" /><testcase classname="tests.unit.test_skill_generator.TestMissingSections" name="test_handles_missing_guidelines" time="0.003" /><testcase classname="tests.unit.test_skill_generator.TestDataExtraction" name="test_generates_argument_hint" time="0.002" /><testcase classname="tests.unit.test_skill_generator.TestMissingSections" name="test_handles_missing_examples" time="0.002" /><testcase classname="tests.unit.test_skill_generator.TestMissingSections" name="test_prints_warning_for_missing_guidelines" time="0.003" /><testcase classname="tests.unit.test_skill_generator.TestMissingSections" name="test_handles_missing_verification" time="0.003" /><testcase classname="tests.unit.test_skill_generator.TestMissingSections" name="test_handles_missing_tools" time="0.002" /><testcase classname="tests.unit.test_skill_generator.TestTemplateLoading" name="test_loads_criteria_template" time="0.003" /><testcase classname="tests.unit.test_skill_generator.TestDirectoryStructure" name="test_creates_templates_subdirectory" time="0.015" /><testcase classname="tests.unit.test_skill_generator.TestDirectoryStructure" name="test_create_skill_directory" time="0.015" /><testcase classname="tests.unit.test_skill_generator.TestDirectoryStructure" name="test_writes_criteria_file" time="0.014" /><testcase classname="tests.unit.test_skill_generator.TestFullGeneration" name="test_generates_complete_skill_from_recipe" time="0.086" /><testcase classname="tests.unit.test_skill_generator.TestDirectoryStructure" name="test_writes_checklist_file" time="0.023" /><testcase classname="tests.unit.test_skill_generator.TestDirectoryStructure" name="test_writes_skill_md_file" time="0.077" /><testcase classname="tests.unit.test_skill_generator.TestDirectoryStructure" name="test_creates_references_subdirectory" time="0.086" /><testcase classname="tests.unit.test_skill_generator.TestFullGeneration" name="test_generates_minimal_skill_from_minimal_recipe" time="0.079" /><testcase classname="tests.unit.test_skill_generator.TestFullGeneration" name="test_skill_md_has_valid_yaml_frontmatter" time="0.059" /><testcase classname="tests.unit.test_skill_generator.TestDirectoryStructure" name="test_skips_criteria_file_when_no_guidelines" time="0.055" /><testcase classname="tests.unit.test_skill_generator.TestDirectoryStructure" name="test_writes_readme_file" time="0.017" /><testcase classname="tests.unit.test_skill_generator.TestSanitizeScriptName" name="test_converts_to_lowercase" time="0.001" /><testcase classname="tests.unit.test_skill_generator.TestSanitizeScriptName" name="test_replaces_dots_with_hyphens" time="0.002" /><testcase classname="tests.unit.test_skill_generator.TestExtractToolCommands" name="test_extracts_tools_from_recipe" time="0.002" /><testcase classname="tests.unit.test_skill_generator.TestSanitizeScriptName" name="test_removes_special_characters" time="0.001" /><testcase classname="tests.unit.test_skill_generator.TestFullGeneration" name="test_generates_for_different_formats" time="0.105" /><testcase classname="tests.unit.test_skill_generator.TestGenerateShellScript" name="test_generates_shell_script_with_shebang" time="0.002" /><testcase classname="tests.unit.test_skill_generator.TestExtractToolCommands" name="test_returns_empty_list_when_no_tools" time="0.002" /><testcase classname="tests.unit.test_skill_generator.TestExtractToolCommands" name="test_skips_tools_without_command" time="0.001" /><testcase classname="tests.unit.test_skill_generator.TestGenerateShellScript" name="test_includes_tool_purpose_as_comment" time="0.002" /><testcase classname="tests.unit.test_skill_generator.TestSanitizeScriptName" name="test_replaces_spaces_with_hyphens" time="0.001" /><testcase classname="tests.unit.test_skill_generator.TestGenerateShellScript" name="test_preserves_multiline_commands" time="0.001" /><testcase classname="tests.unit.test_skill_generator.TestGenerateShellScript" name="test_includes_command_in_script" time="0.001" /><testcase classname="tests.unit.test_skill_generator.TestGeneratePowerShellScript" name="test_generates_powershell_script_with_comment_header" time="0.002" /><testcase classname="tests.unit.test_skill_generator.TestGeneratePowerShellScript" name="test_includes_command_in_script" time="0.002" /><testcase classname="tests.unit.test_skill_generator.TestGeneratePowerShellScript" name="test_uses_powershell_line_continuation" time="0.002" /><testcase classname="tests.unit.test_skill_generator.TestScriptGeneration" name="test_generates_scripts_directory" time="0.042" /><testcase classname="tests.unit.test_skill_generator.TestScriptGeneration" name="test_generates_both_sh_and_ps1_scripts" time="0.047" /><testcase classname="tests.unit.test_skill_generator.TestScriptGeneration" name="test_script_names_are_sanitized" time="0.038" /><testcase classname="tests.unit.test_skill_generator.TestScriptGeneration" name="test_handles_duplicate_tool_names" time="0.039" /><testcase classname="tests.unit.test_skill_generator.TestScriptGeneration" name="test_shell_scripts_are_executable" time="0.001"><skipped type="pytest.skip" message="Unix file permissions test">C:\Code\personetta\tests\unit\test_skill_generator.py:926: Unix file permissions test</skipped></testcase><testcase classname="tests.unit.test_skill_metadata.TestRecipeHashComputation" name="test_compute_hash_returns_sha256_string" time="0.001" /><testcase classname="tests.unit.test_skill_metadata.TestRecipeHashComputation" name="test_identical_recipes_produce_identical_hashes" time="0.002" /><testcase classname="tests.unit.test_skill_metadata.TestRecipeHashComputation" name="test_key_order_does_not_affect_hash" time="0.002" /><testcase classname="tests.unit.test_skill_generator.TestScriptGeneration" name="test_skips_scripts_when_no_tools" time="0.036" /><testcase classname="tests.unit.test_skill_metadata.TestMetadataCreation" name="test_create_metadata_includes_all_required_fields" time="0.006" /><testcase classname="tests.unit.test_skill_generator.TestScriptGeneration" name="test_combines_tools_from_multiple_recipes" time="0.045" /><testcase classname="tests.unit.test_skill_metadata.TestMetadataCreation" name="test_metadata_format_matches_parameter" time="0.006" /><testcase classname="tests.unit.test_skill_metadata.TestMetadataCreation" name="test_metadata_timestamp_is_iso8601" time="0.007" /><testcase classname="tests.unit.test_skill_generator.TestSanitizeScriptName" name="test_collapses_multiple_hyphens" time="0.002" /><testcase classname="tests.unit.test_skill_metadata.TestMetadataCreation" name="test_metadata_includes_version_from_pyproject" time="0.012" /><testcase classname="tests.unit.test_skill_metadata.TestMetadataCreation" name="test_multi_recipe_metadata_lists_all_sources" time="0.006" /><testcase classname="tests.unit.test_skill_metadata.TestMetadataCreation" name="test_source_recipes_contains_recipe_details" time="0.006" /><testcase classname="tests.unit.test_skill_metadata.TestRecipeHashComputation" name="test_different_recipes_produce_different_hashes" time="0.001" /><testcase classname="tests.unit.test_skill_metadata.TestMetadataFileWriting" name="test_metadata_file_is_valid_json" time="0.031" /><testcase classname="tests.unit.test_skill_metadata.TestMetadataFileWriting" name="test_generate_creates_metadata_file" time="0.036" /><testcase classname="tests.unit.test_skill_metadata.TestMetadataFileWriting" name="test_metadata_file_contains_expected_structure" time="0.030" /><testcase classname="tests.unit.test_skill_metadata.TestMetadataCreation" name="test_metadata_skill_name_matches_parameter" time="0.010" /><testcase classname="tests.unit.test_skills_composer.TestLoadTemplate" name="test_load_missing_template_raises" time="0.014" /><testcase classname="tests.unit.test_skills_composer.TestRenderReadme" name="test_render_with_custom_values" time="0.012" /><testcase classname="tests.unit.test_skills_composer.TestLoadTemplate" name="test_load_existing_template" time="0.012" /><testcase classname="tests.unit.test_skills_composer.TestRenderSkillMd" name="test_render_with_missing_related_skills" time="0.014" /><testcase classname="tests.unit.test_skills_composer.TestRenderSkillMd" name="test_render_with_missing_fields" time="0.012" /><testcase classname="tests.unit.test_skills_composer.TestRenderReadme" name="test_render_uses_defaults" time="0.013" /><testcase classname="tests.unit.test_skills_composer.TestRenderSkillMd" name="test_render_with_all_fields" time="0.016" /><testcase classname="tests.unit.test_skills_composer.TestRenderReadme" name="test_get_readme_defaults_no_skill_name" time="0.012" /><testcase classname="tests.unit.test_skills_composer.TestRenderReadme" name="test_get_readme_defaults" time="0.013" /><testcase classname="tests.unit.test_skills_composer.TestRenderCriteria" name="test_render_criteria_with_guidelines" time="0.012" /><testcase classname="tests.unit.test_skills_composer.TestRenderChecklist" name="test_render_checklist_with_items" time="0.013" /><testcase classname="tests.unit.test_skills_composer.TestRenderCriteria" name="test_render_criteria_empty" time="0.014" /><testcase classname="tests.unit.test_skills_composer.TestRenderChecklist" name="test_render_checklist_empty" time="0.015" /><testcase classname="tests.unit.test_skills_composer.TestExtractDescription" name="test_extract_description_present" time="0.015" /><testcase classname="tests.unit.test_skills_composer.TestExtractDescription" name="test_extract_description_missing" time="0.010" /><testcase classname="tests.unit.test_skills_composer.TestExtractDescription" name="test_extract_description_empty" time="0.010" /><testcase classname="tests.unit.test_skills_composer.TestExtractWhenToUse" name="test_extract_when_list" time="0.012" /><testcase classname="tests.unit.test_skills_composer.TestExtractWhenToUse" name="test_extract_when_list_dict_items" time="0.012" /><testcase classname="tests.unit.test_skills_composer.TestExtractWhenToUse" name="test_extract_when_empty" time="0.010" /><testcase classname="tests.unit.test_skills_composer.TestExtractWhenToUse" name="test_extract_when_list_mixed_types" time="0.013" /><testcase classname="tests.unit.test_skills_composer.TestExtractWhenToUse" name="test_extract_when_missing" time="0.012" /><testcase classname="tests.unit.test_skills_composer.TestExtractProcedure" name="test_extract_steps_list" time="0.012" /><testcase classname="tests.unit.test_skills_composer.TestExtractProcedure" name="test_extract_steps_dict_items" time="0.012" /><testcase classname="tests.unit.test_skills_composer.TestExtractProcedure" name="test_extract_steps_empty" time="0.013" /><testcase classname="tests.unit.test_skills_composer.TestExtractProcedure" name="test_extract_steps_missing" time="0.011" /><testcase classname="tests.unit.test_skills_composer.TestExtractProcedure" name="test_extract_steps_mixed_types" time="0.023" /><testcase classname="tests.unit.test_skills_composer.TestFormatWhenList" name="test_format_when_list_strings" time="0.013" /><testcase classname="tests.unit.test_skills_composer.TestFormatWhenList" name="test_format_when_list_dicts" time="0.012" /><testcase classname="tests.unit.test_skills_composer.TestFormatWhenList" name="test_format_when_list_dict_without_description" time="0.012" /><testcase classname="tests.unit.test_skills_enhancer.TestExtractArgumentHint" name="test_extract_from_claude_example" time="0.001" /><testcase classname="tests.unit.test_skills_enhancer.TestExtractArgumentHint" name="test_extract_from_copilot_example" time="0.002" /><testcase classname="tests.unit.test_skills_composer.TestFormatSteps" name="test_format_steps_dicts" time="0.010" /><testcase classname="tests.unit.test_skills_enhancer.TestTryExtractFromExamples" name="test_extract_with_valid_examples" time="0.002" /><testcase classname="tests.unit.test_skills_composer.TestFormatSteps" name="test_format_steps_dict_without_action" time="0.011" /><testcase classname="tests.unit.test_skills_enhancer.TestTryExtractFromExamples" name="test_extract_with_no_examples" time="0.002" /><testcase classname="tests.unit.test_skills_composer.TestFormatSteps" name="test_format_steps_strings" time="0.012" /><testcase classname="tests.unit.test_skills_enhancer.TestExtractArgumentHint" name="test_extract_from_cursor_example_with_file" time="0.001" /><testcase classname="tests.unit.test_skills_enhancer.TestTryExtractFromExamples" name="test_extract_with_missing_examples" time="0.001" /><testcase classname="tests.unit.test_skills_enhancer.TestTryExtractFromExamples" name="test_extract_with_non_dict_example" time="0.001" /><testcase classname="tests.unit.test_skills_enhancer.TestExtractArgumentHint" name="test_fallback_for_unknown_format" time="0.001" /><testcase classname="tests.unit.test_skills_enhancer.TestExtractHintFromExample" name="test_extract_copilot_hint" time="0.001" /><testcase classname="tests.unit.test_skills_enhancer.TestExtractHintFromExample" name="test_extract_claude_hint" time="0.001" /><testcase classname="tests.unit.test_skills_enhancer.TestExtractArgumentHint" name="test_fallback_when_no_examples" time="0.001" /><testcase classname="tests.unit.test_skills_enhancer.TestExtractHintFromExample" name="test_extract_cursor_hint" time="0.001" /><testcase classname="tests.unit.test_skills_enhancer.TestExtractHintFromExample" name="test_extract_with_no_input" time="0.001" /><testcase classname="tests.unit.test_skills_enhancer.TestExtractHintFromExample" name="test_extract_for_unsupported_format" time="0.002" /><testcase classname="tests.unit.test_skills_enhancer.TestExtractCopilotHint" name="test_extract_with_workspace_syntax" time="0.001" /><testcase classname="tests.unit.test_skills_enhancer.TestExtractCopilotHint" name="test_extract_with_scenario_no_workspace" time="0.002" /><testcase classname="tests.unit.test_skills_enhancer.TestExtractCopilotHint" name="test_extract_with_no_workspace_no_scenario" time="0.001" /><testcase classname="tests.unit.test_skills_enhancer.TestExtractCopilotHint" name="test_extract_with_workspace_no_param" time="0.001" /><testcase classname="tests.unit.test_skills_enhancer.TestExtractWorkspaceParam" name="test_extract_with_no_slash" time="0.001" /><testcase classname="tests.unit.test_skills_enhancer.TestExtractWorkspaceParam" name="test_extract_param_from_workspace_command" time="0.001" /><testcase classname="tests.unit.test_skills_enhancer.TestExtractWorkspaceParam" name="test_extract_with_slash_but_no_param" time="0.001" /><testcase classname="tests.unit.test_skills_enhancer.TestExtractClaudeHint" name="test_extract_with_scenario" time="0.001" /><testcase classname="tests.unit.test_skills_enhancer.TestExtractWorkspaceParam" name="test_extract_multiword_param" time="0.001" /><testcase classname="tests.unit.test_skills_enhancer.TestExtractClaudeHint" name="test_extract_without_scenario" time="0.001" /><testcase classname="tests.unit.test_skills_enhancer.TestExtractCursorHint" name="test_extract_with_file_in_scenario" time="0.002" /><testcase classname="tests.unit.test_skills_enhancer.TestExtractCursorHint" name="test_extract_with_class_in_scenario" time="0.002" /><testcase classname="tests.unit.test_skills_enhancer.TestExtractCursorHint" name="test_extract_with_empty_scenario" time="0.001" /><testcase classname="tests.unit.test_skills_enhancer.TestGetFallbackHint" name="test_fallback_with_description" time="0.001" /><testcase classname="tests.unit.test_skills_enhancer.TestExtractCursorHint" name="test_extract_without_file_or_class" time="0.001" /><testcase classname="tests.unit.test_skills_enhancer.TestGetFallbackHint" name="test_fallback_claude_format" time="0.001" /><testcase classname="tests.unit.test_skills_enhancer.TestGetFallbackHint" name="test_fallback_copilot_format" time="0.001" /><testcase classname="tests.unit.test_skills_enhancer.TestGetFallbackHint" name="test_fallback_cursor_format" time="0.002" /><testcase classname="tests.unit.test_skills_enhancer.TestGetFallbackHint" name="test_fallback_unknown_format" time="0.002" /><testcase classname="tests.unit.test_skills_enhancer.TestGetFallbackHint" name="test_fallback_cline_format" time="0.001" /><testcase classname="tests.unit.test_skills_enhancer.TestExtractEnhancedExamples" name="test_extract_examples_with_list" time="0.001" /><testcase classname="tests.unit.test_skills_enhancer.TestExtractEnhancedExamples" name="test_extract_examples_empty_list" time="0.001" /><testcase classname="tests.unit.test_skills_enhancer.TestExtractEnhancedExamples" name="test_extract_examples_missing" time="0.001" /><testcase classname="tests.unit.test_skills_enhancer.TestFormatSingleExample" name="test_format_dict_example" time="0.002" /><testcase classname="tests.unit.test_skills_enhancer.TestFormatSingleExample" name="test_format_string_example" time="0.001" /><testcase classname="tests.unit.test_skills_enhancer.TestFormatSingleExample" name="test_format_example_with_index" time="0.001" /><testcase classname="tests.unit.test_update_skill_command.TestValidateUpdateArgs" name="test_missing_name_and_all" time="0.002" /><testcase classname="tests.unit.test_update_skill_command.TestValidateUpdateArgs" name="test_name_without_format" time="0.002" /><testcase classname="tests.unit.test_update_skill_command.TestValidateUpdateArgs" name="test_valid_with_name_and_format" time="0.001" /><testcase classname="tests.unit.test_update_skill_command.TestLoadAllCurrentRecipes" name="test_loads_all_recipes" time="0.002" /><testcase classname="tests.unit.test_update_skill_command.TestValidateUpdateArgs" name="test_valid_with_all_flag" time="0.001" /><testcase classname="tests.unit.test_update_skill_command.TestLoadAllCurrentRecipes" name="test_uses_repo_root_as_base" time="0.002" /><testcase classname="tests.unit.test_update_skill_command.TestLoadRecipesFromNames" name="test_loads_valid_recipes" time="0.002" /><testcase classname="tests.unit.test_update_skill_command.TestLoadRecipesFromNames" name="test_skips_missing_recipes" time="0.002" /><testcase classname="tests.unit.test_update_skill_command.TestLoadSkillMetadata" name="test_missing_metadata_file" time="0.008" /><testcase classname="tests.unit.test_update_skill_command.TestCheckAndConfirmStaleUpdates" name="test_user_confirms_update" time="0.003" /><testcase classname="tests.unit.test_update_skill_command.TestCheckAndConfirmStaleUpdates" name="test_user_cancels_update" time="0.002" /><testcase classname="tests.unit.test_update_skill_command.TestLoadSkillMetadata" name="test_empty_source_recipes" time="0.011" /><testcase classname="tests.unit.test_update_skill_command.TestCheckAndConfirmStaleUpdates" name="test_whatif_mode_lists_updates" time="0.001" /><testcase classname="tests.unit.test_update_skill_command.TestLoadSkillMetadata" name="test_loads_valid_metadata" time="0.020" /><testcase classname="tests.unit.test_update_skill_command.TestCheckAndConfirmStaleUpdates" name="test_force_mode_no_prompt" time="0.001" /><testcase classname="tests.unit.test_update_skill_command.TestUpdateAllFormats" name="test_skips_nonexistent_skill_directories" time="0.007" /><testcase classname="tests.unit.test_update_skill_command.TestUpdateAllFormats" name="test_updates_stale_skills" time="0.011" /><testcase classname="tests.unit.test_update_skill_command.TestUpdateAllFormats" name="test_skips_formats_with_no_stale_skills" time="0.009" /><testcase classname="tests.unit.test_update_skill_command.TestLoadRecipesFromNames" name="test_all_recipes_missing" time="0.004" /><testcase classname="tests.unit.test_update_skill_command.TestUpdateSingleSkillImpl" name="test_whatif_mode" time="0.011" /><testcase classname="tests.unit.test_update_skill_command.TestUpdateSingleSkillImpl" name="test_successful_update" time="0.014" /><testcase classname="tests.unit.test_update_skill_command.TestUpdateSingleSkillImpl" name="test_update_failure" time="0.013" /><testcase classname="tests.unit.test_update_skill_command.TestUpdateSingleSkillImpl" name="test_missing_metadata" time="0.012" /><testcase classname="tests.unit.test_update_skill_command.TestUpdateSingleSkillImpl" name="test_missing_recipes" time="0.015" /><testcase classname="tests.integration.cli.test_cli_integration.TestSkillGeneration" name="test_skill_generation_different_formats@cli_integration" time="0.379" /><testcase classname="tests.integration.cli.test_cli_integration.TestSkillGeneration" name="test_skill_generation_workspace_flag@cli_integration" time="0.130" /></testsuite></testsuites>